.ï¿½iï¿½jESP-ROM:esp32s3-20210327
Build:Mar 27 2021
rst:0x1 (POWERON),boot:0x8 (SPI_FAST_FLASH_BOOT)
SPIWP:0xee
mode:DIO, clock div:1
load:0x3fce2810,len:0x178c
load:0x403c8700,len:0x4
load:0x403c8704,len:0xcb8
load:0x403cb700,len:0x2db0
entry 0x403c8914
[0;32mI (27) boot: ESP-IDF v5.3-dirty 2nd stage bootloader[0m
[0;32mI (27) boot: compile time Aug  7 2024 16:55:45[0m
[0;32mI (27) boot: Multicore bootloader[0m
[0;32mI (30) boot: chip revision: v0.1[0m
[0;32mI (34) boot.esp32s3: Boot SPI Speed : 80MHz[0m
[0;32mI (39) boot.esp32s3: SPI Mode       : DIO[0m
[0;32mI (44) boot.esp32s3: SPI Flash Size : 2MB[0m
[0;32mI (48) boot: Enabling RNG early entropy source...[0m
[0;32mI (54) boot: Partition Table:[0m
[0;32mI (57) boot: ## Label            Usage          Type ST Offset   Length[0m
[0;32mI (65) boot:  0 nvs              WiFi data        01 02 00009000 00006000[0m
[0;32mI (72) boot:  1 phy_init         RF data          01 01 0000f000 00001000[0m
[0;32mI (79) boot:  2 factory          factory app      00 00 00010000 00100000[0m
[0;32mI (87) boot: End of partition table[0m
[0;32mI (91) esp_image: segment 0: paddr=00010020 vaddr=3c020020 size=0b520h ( 46368) map[0m
[0;32mI (108) esp_image: segment 1: paddr=0001b548 vaddr=3fc93100 size=02de8h ( 11752) load[0m
[0;32mI (111) esp_image: segment 2: paddr=0001e338 vaddr=40374000 size=01ce0h (  7392) load[0m
[0;32mI (118) esp_image: segment 3: paddr=00020020 vaddr=42000020 size=1aa7ch (109180) map[0m
[0;32mI (145) esp_image: segment 4: paddr=0003aaa4 vaddr=40375ce0 size=0d334h ( 54068) load[0m
[0;32mI (163) boot: Loaded app from partition at offset 0x10000[0m
[0;32mI (163) boot: Disabling RNG early entropy source...[0m
[0;32mI (175) cpu_start: Multicore app[0m
[0;32mI (184) cpu_start: Pro cpu start user code[0m
[0;32mI (185) cpu_start: cpu freq: 160000000 Hz[0m
[0;32mI (185) app_init: Application information:[0m
[0;32mI (187) app_init: Project name:     DHT11[0m
[0;32mI (192) app_init: App version:      8dafe54-dirty[0m
[0;32mI (198) app_init: Compile time:     Aug  7 2024 16:55:19[0m
[0;32mI (204) app_init: ELF file SHA256:  6675ff9d5...[0m
[0;32mI (209) app_init: ESP-IDF:          v5.3-dirty[0m
[0;32mI (214) efuse_init: Min chip rev:     v0.0[0m
[0;32mI (219) efuse_init: Max chip rev:     v0.99 [0m
[0;32mI (224) efuse_init: Chip rev:         v0.1[0m
[0;32mI (229) heap_init: Initializing. RAM available for dynamic allocation:[0m
[0;32mI (236) heap_init: At 3FC967B0 len 00052F60 (331 KiB): RAM[0m
[0;32mI (242) heap_init: At 3FCE9710 len 00005724 (21 KiB): RAM[0m
[0;32mI (248) heap_init: At 3FCF0000 len 00008000 (32 KiB): DRAM[0m
[0;32mI (254) heap_init: At 600FE100 len 00001EE8 (7 KiB): RTCRAM[0m
[0;32mI (261) spi_flash: detected chip: gd[0m
[0;32mI (265) spi_flash: flash io: dio[0m
[0;33mW (268) spi_flash: Detected size(16384k) larger than the size in the binary image header(2048k). Using the size in the binary image header.[0m
[0;32mI (282) sleep: Configure to isolate all GPIO pins in sleep state[0m
[0;32mI (289) sleep: Enable automatic switching of GPIO sleep configuration[0m
[0;32mI (296) main_task: Started on CPU0[0m
[0;32mI (316) main_task: Calling app_main()[0m
[0;31mE (316) rmt: rmt_new_rx_channel(184): invalid GPIO number 23[0m
ESP_ERROR_CHECK failed: esp_err_t 0x102 (ESP_ERR_INVALID_ARG) at 0x42008e09
file: "./main/dh_11.c" line 17
func: DHT11_Init
expression: rmt_new_rx_channel(&rx_chan_config,&rx_chan)

abort() was called at PC 0x4037a61f on core 0


Backtrace: 0x40375a22:0x3fc99160 0x4037a629:0x3fc99180 0x40380f1d:0x3fc991a0 0x4037a61f:0x3fc99210 0x42008e09:0x3fc99240 0x42008dc9:0x3fc99280 0x42019d0b:0x3fc992a0 0x4037ae8d:0x3fc992d0




ELF file SHA256: 6675ff9d5

Rebooting...
ï¿½ï¿½ï¿½ESP-ROM:esp32s3-20210327
Build:Mar 27 2021
rst:0xc (RTC_SW_CPU_RST),boot:0x8 (SPI_FAST_FLASH_BOOT)
Saved PC:0x4037595c
SPIWP:0xee
mode:DIO, clock div:1
load:0x3fce2810,len:0x178c
load:0x403c8700,len:0x4
load:0x403c8704,len:0xcb8
load:0x403cb700,len:0x2db0
entry 0x403c8914
[0;32mI (31) boot: ESP-IDF v5.3-dirty 2nd stage bootloader[0m
[0;32mI (31) boot: compile time Aug  7 2024 16:55:45[0m
[0;32mI (31) boot: Multicore bootloader[0m
[0;32mI (35) boot: chip revision: v0.1[0m
[0;32mI (38) boot.esp32s3: Boot SPI Speed : 80MHz[0m
[0;32mI (43) boot.esp32s3: SPI Mode       : DIO[0m
[0;32mI (48) boot.esp32s3: SPI Flash Size : 2MB[0m
[0;32mI (53) boot: Enabling RNG early entropy source...[0m
[0;32mI (58) boot: Partition Table:[0m
[0;32mI (62) boot: ## Label            Usage          Type ST Offset   Length[0m
[0;32mI (69) boot:  0 nvs              WiFi data        01 02 00009000 00006000[0m
[0;32mI (76) boot:  1 phy_init         RF data          01 01 0000f000 00001000[0m
[0;32mI (84) boot:  2 factory          factory app      00 00 00010000 00100000[0m
[0;32mI (91) boot: End of partition table[0m
[0;32mI (96) esp_image: segment 0: paddr=00010020 vaddr=3c020020 size=0b520h ( 46368) map[0m
[0;32mI (112) esp_image: segment 1: paddr=0001b548 vaddr=3fc93100 size=02de8h ( 11752) load[0m
[0;32mI (115) esp_image: segment 2: paddr=0001e338 vaddr=40374000 size=01ce0h (  7392) load[0m
[0;32mI (123) esp_image: segment 3: paddr=00020020 vaddr=42000020 size=1aa7ch (109180) map[0m
[0;32mI (149) esp_image: segment 4: paddr=0003aaa4 vaddr=40375ce0 size=0d334h ( 54068) load[0m
[0;32mI (167) boot: Loaded app from partition at offset 0x10000[0m
[0;32mI (167) boot: Disabling RNG early entropy source...[0m
[0;32mI (179) cpu_start: Multicore app[0m
[0;32mI (189) cpu_start: Pro cpu start user code[0m
[0;32mI (189) cpu_start: cpu freq: 160000000 Hz[0m
[0;32mI (189) app_init: Application information:[0m
[0;32mI (192) app_init: Project name:     DHT11[0m
[0;32mI (197) app_init: App version:      8dafe54-dirty[0m
[0;32mI (202) app_init: Compile time:     Aug  7 2024 16:55:19[0m
[0;32mI (208) app_init: ELF file SHA256:  6675ff9d5...[0m
[0;32mI (213) app_init: ESP-IDF:          v5.3-dirty[0m
[0;32mI (218) efuse_init: Min chip rev:     v0.0[0m
[0;32mI (223) efuse_init: Max chip rev:     v0.99 [0m
[0;32mI (228) efuse_init: Chip rev:         v0.1[0m
[0;32mI (233) heap_init: Initializing. RAM available for dynamic allocation:[0m
[0;32mI (240) heap_init: At 3FC967B0 len 00052F60 (331 KiB): RAM[0m
[0;32mI (246) heap_init: At 3FCE9710 len 00005724 (21 KiB): RAM[0m
[0;32mI (252) heap_init: At 3FCF0000 len 00008000 (32 KiB): DRAM[0m
[0;32mI (258) heap_init: At 600FE100 len 00001EE8 (7 KiB): RTCRAM[0m
[0;32mI (266) spi_flash: detected chip: gd[0m
[0;32mI (269) spi_flash: flash io: dio[0m
[0;33mW (273) spi_flash: Detected size(16384k) larger than the size in the binary image header(2048k). Using the size in the binary image header.[0m
[0;32mI (286) sleep: Configure to isolate all GPIO pins in sleep state[0m
[0;32mI (293) sleep: Enable automatic switching of GPIO sleep configuration[0m
[0;32mI (300) main_task: Started on CPU0[0m
[0;32mI (320) main_task: Calling app_main()[0m
[0;31mE (320) rmt: rmt_new_rx_channel(184): invalid GPIO number 23[0m
ESP_ERROR_CHECK failed: esp_err_t 0x102 (ESP_ERR_INVALID_ARG) at 0x42008e09
file: "./main/dh_11.c" line 17
func: DHT11_Init
expression: rmt_new_rx_channel(&rx_chan_config,&rx_chan)

abort() was called at PC 0x4037a61f on core 0


Backtrace: 0x40375a22:0x3fc99160 0x4037a629:0x3fc99180 0x40380f1d:0x3fc991a0 0x4037a61f:0x3fc99210 0x42008e09:0x3fc99240 0x42008dc9:0x3fc99280 0x42019d0b:0x3fc992a0 0x4037ae8d:0x3fc992d0




ELF file SHA256: 6675ff9d5

Rebooting...
ï¿½ï¿½ï¿½ESP-ROM:esp32s3-20210327
Build:Mar 27 2021
rst:0xc (RTC_SW_CPU_RST),boot:0x8 (SPI_FAST_FLASH_BOOT)
Saved PC:0x4037595c
SPIWP:0xee
mode:DIO, clock div:1
load:0x3fce2810,len:0x178c
load:0x403c8700,len:0x4
load:0x403c8704,len:0xcb8
load:0x403cb700,len:0x2db0
entry 0x403c8914
[0;32mI (31) boot: ESP-IDF v5.3-dirty 2nd stage bootloader[0m
[0;32mI (31) boot: compile time Aug  7 2024 16:55:45[0m
[0;32mI (31) boot: Multicore bootloader[0m
[0;32mI (35) boot: chip revision: v0.1[0m
[0;32mI (38) boot.esp32s3: Boot SPI Speed : 80MHz[0m
[0;32mI (43) boot.esp32s3: SPI Mode       : DIO[0m
[0;32mI (48) boot.esp32s3: SPI Flash Size : 2MB[0m
[0;32mI (53) boot: Enabling RNG early entropy source...[0m
[0;32mI (58) boot: Partition Table:[0m
[0;32mI (62) boot: ## Label            Usage          Type ST Offset   Length[0m
[0;32mI (69) boot:  0 nvs              WiFi data        01 02 00009000 00006000[0m
[0;32mI (76) boot:  1 phy_init         RF data          01 01 0000f000 00001000[0m
[0;32mI (84) boot:  2 factory          factory app      00 00 00010000 00100000[0m
[0;32mI (91) boot: End of partition table[0m
[0;32mI (96) esp_image: segment 0: paddr=00010020 vaddr=3c020020 size=0b520h ( 46368) map[0m
[0;32mI (112) esp_image: segment 1: paddr=0001b548 vaddr=3fc93100 size=02de8h ( 11752) load[0m
[0;32mI (115) esp_image: segment 2: paddr=0001e338 vaddr=40374000 size=01ce0h (  7392) load[0m
[0;32mI (123) esp_image: segment 3: paddr=00020020 vaddr=42000020 size=1aa7ch (109180) map[0m
[0;32mI (149) esp_image: segment 4: paddr=0003aaa4 vaddr=40375ce0 size=0d334h ( 54068) load[0m
[0;32mI (167) boot: Loaded app from partition at offset 0x10000[0m
[0;32mI (167) boot: Disabling RNG early entropy source...[0m
[0;32mI (179) cpu_start: Multicore app[0m
[0;32mI (189) cpu_start: Pro cpu start user code[0m
[0;32mI (189) cpu_start: cpu freq: 160000000 Hz[0m
[0;32mI (189) app_init: Application information:[0m
[0;32mI (192) app_init: Project name:     DHT11[0m
[0;32mI (197) app_init: App version:      8dafe54-dirty[0m
[0;32mI (202) app_init: Compile time:     Aug  7 2024 16:55:19[0m
[0;32mI (208) app_init: ELF file SHA256:  6675ff9d5...[0m
[0;32mI (213) app_init: ESP-IDF:          v5.3-dirty[0m
[0;32mI (218) efuse_init: Min chip rev:     v0.0[0m
[0;32mI (223) efuse_init: Max chip rev:     v0.99 [0m
[0;32mI (228) efuse_init: Chip rev:         v0.1[0m
[0;32mI (233) heap_init: Initializing. RAM available for dynamic allocation:[0m
[0;32mI (240) heap_init: At 3FC967B0 len 00052F60 (331 KiB): RAM[0m
[0;32mI (246) heap_init: At 3FCE9710 len 00005724 (21 KiB): RAM[0m
[0;32mI (252) heap_init: At 3FCF0000 len 00008000 (32 KiB): DRAM[0m
[0;32mI (258) heap_init: At 600FE100 len 00001EE8 (7 KiB): RTCRAM[0m
[0;32mI (266) spi_flash: detected chip: gd[0m
[0;32mI (269) spi_flash: flash io: dio[0m
[0;33mW (273) spi_flash: Detected size(16384k) larger than the size in the binary image header(2048k). Using the size in the binary image header.[0m
[0;32mI (286) sleep: Configure to isolate all GPIO pins in sleep state[0m
[0;32mI (293) sleep: Enable automatic switching of GPIO sleep configuration[0m
[0;32mI (300) main_task: Started on CPU0[0m
[0;32mI (320) main_task: Calling app_main()[0m
[0;31mE (320) rmt: rmt_new_rx_channel(184): invalid GPIO number 23[0m
ESP_ERROR_CHECK failed: esp_err_t 0x102 (ESP_ERR_INVALID_ARG) at 0x42008e09
file: "./main/dh_11.c" line 17
func: DHT11_Init
expression: rmt_new_rx_channel(&rx_chan_config,&rx_chan)

abort() was called at PC 0x4037a61f on core 0


Backtrace: 0x40375a22:0x3fc99160 0x4037a629:0x3fc99180 0x40380f1d:0x3fc991a0 0x4037a61f:0x3fc99210 0x42008e09:0x3fc99240 0x42008dc9:0x3fc99280 0x42019d0b:0x3fc992a0 0x4037ae8d:0x3fc992d0




ELF file SHA256: 6675ff9d5

Rebooting...
ï¿½ï¿½ï¿½ESP-ROM:esp32s3-20210327
Build:Mar 27 2021
rst:0xc (RTC_SW_CPU_RST),boot:0x8 (SPI_FAST_FLASH_BOOT)
Saved PC:0x4037595c
SPIWP:0xee
mode:DIO, clock div:1
load:0x3fce2810,len:0x178c
load:0x403c8700,len:0x4
load:0x403c8704,len:0xcb8
load:0x403cb700,len:0x2db0
entry 0x403c8914
[0;32mI (31) boot: ESP-IDF v5.3-dirty 2nd stage bootloader[0m
[0;32mI (31) boot: compile time Aug  7 2024 16:55:45[0m
[0;32mI (31) boot: Multicore bootloader[0m
[0;32mI (35) boot: chip revision: v0.1[0m
[0;32mI (38) boot.esp32s3: Boot SPI Speed : 80MHz[0m
[0;32mI (43) boot.esp32s3: SPI Mode       : DIO[0m
[0;32mI (48) boot.esp32s3: SPI Flash Size : 2MB[0m
[0;32mI (53) boot: Enabling RNG early entropy source...[0m
[0;32mI (58) boot: Partition Table:[0m
[0;32mI (62) boot: ## Label            Usage          Type ST Offset   Length[0m
[0;32mI (69) boot:  0 nvs              WiFi data        01 02 00009000 00006000[0m
[0;32mI (76) boot:  1 phy_init         RF data          01 01 0000f000 00001000[0m
[0;32mI (84) boot:  2 factory          factory app      00 00 00010000 00100000[0m
[0;32mI (91) boot: End of partition table[0m
[0;32mI (96) esp_image: segment 0: paddr=00010020 vaddr=3c020020 size=0b520h ( 46368) map[0m
[0;32mI (112) esp_image: segment 1: paddr=0001b548 vaddr=3fc93100 size=02de8h ( 11752) load[0m
[0;32mI (115) esp_image: segment 2: paddr=0001e338 vaddr=40374000 size=01ce0h (  7392) load[0m
[0;32mI (123) esp_image: segment 3: paddr=00020020 vaddr=42000020 size=1aa7ch (109180) map[0m
[0;32mI (149) esp_image: segment 4: paddr=0003aaa4 vaddr=40375ce0 size=0d334h ( 54068) load[0m
[0;32mI (167) boot: Loaded app from partition at offset 0x10000[0m
[0;32mI (167) boot: Disabling RNG early entropy source...[0m
[0;32mI (179) cpu_start: Multicore app[0m
[0;32mI (189) cpu_start: Pro cpu start user code[0m
[0;32mI (189) cpu_start: cpu freq: 160000000 Hz[0m
[0;32mI (189) app_init: Application information:[0m
[0;32mI (192) app_init: Project name:     DHT11[0m
[0;32mI (197) app_init: App version:      8dafe54-dirty[0m
[0;32mI (202) app_init: Compile time:     Aug  7 2024 16:55:19[0m
[0;32mI (208) app_init: ELF file SHA256:  6675ff9d5...[0m
[0;32mI (213) app_init: ESP-IDF:          v5.3-dirty[0m
[0;32mI (218) efuse_init: Min chip rev:     v0.0[0m
[0;32mI (223) efuse_init: Max chip rev:     v0.99 [0m
[0;32mI (228) efuse_init: Chip rev:         v0.1[0m
[0;32mI (233) heap_init: Initializing. RAM available for dynamic allocation:[0m
[0;32mI (240) heap_init: At 3FC967B0 len 00052F60 (331 KiB): RAM[0m
[0;32mI (246) heap_init: At 3FCE9710 len 00005724 (21 KiB): RAM[0m
[0;32mI (252) heap_init: At 3FCF0000 len 00008000 (32 KiB): DRAM[0m
[0;32mI (258) heap_init: At 600FE100 len 00001EE8 (7 KiB): RTCRAM[0m
[0;32mI (266) spi_flash: detected chip: gd[0m
[0;32mI (269) spi_flash: flash io: dio[0m
[0;33mW (273) spi_flash: Detected size(16384k) larger than the size in the binary image header(2048k). Using the size in the binary image header.[0m
[0;32mI (286) sleep: Configure to isolate all GPIO pins in sleep state[0m
[0;32mI (293) sleep: Enable automatic switching of GPIO sleep configuration[0m
[0;32mI (300) main_task: Started on CPU0[0m
[0;32mI (320) main_task: Calling app_main()[0m
[0;31mE (320) rmt: rmt_new_rx_channel(184): invalid GPIO number 23[0m
ESP_ERROR_CHECK failed: esp_err_t 0x102 (ESP_ERR_INVALID_ARG) at 0x42008e09
file: "./main/dh_11.c" line 17
func: DHT11_Init
expression: rmt_new_rx_channel(&rx_chan_config,&rx_chan)

abort() was called at PC 0x4037a61f on core 0


Backtrace: 0x40375a22:0x3fc99160 0x4037a629:0x3fc99180 0x40380f1d:0x3fc991a0 0x4037a61f:0x3fc99210 0x42008e09:0x3fc99240 0x42008dc9:0x3fc99280 0x42019d0b:0x3fc992a0 0x4037ae8d:0x3fc992d0




ELF file SHA256: 6675ff9d5

Rebooting...
ï¿½ï¿½ï¿½ESP-ROM:esp32s3-20210327
Build:Mar 27 2021
rst:0xc (RTC_SW_CPU_RST),boot:0x8 (SPI_FAST_FLASH_BOOT)
Saved PC:0x4037595c
SPIWP:0xee
mode:DIO, clock div:1
load:0x3fce2810,len:0x178c
load:0x403c8700,len:0x4
load:0x403c8704,len:0xcb8
load:0x403cb700,len:0x2db0
entry 0x403c8914
[0;32mI (31) boot: ESP-IDF v5.3-dirty 2nd stage bootloader[0m
[0;32mI (31) boot: compile time Aug  7 2024 16:55:45[0m
[0;32mI (31) boot: Multicore bootloader[0m
[0;32mI (35) boot: chip revision: v0.1[0m
[0;32mI (38) boot.esp32s3: Boot SPI Speed : 80MHz[0m
[0;32mI (43) boot.esp32s3: SPI Mode       : DIO[0m
[0;32mI (48) boot.esp32s3: SPI Flash Size : 2MB[0m
[0;32mI (53) boot: Enabling RNG early entropy source...[0m
[0;32mI (58) boot: Partition Table:[0m
[0;32mI (62) boot: ## Label            Usage          Type ST Offset   Length[0m
[0;32mI (69) boot:  0 nvs              WiFi data        01 02 00009000 00006000[0m
[0;32mI (76) boot:  1 phy_init         RF data          01 01 0000f000 00001000[0m
[0;32mI (84) boot:  2 factory          factory app      00 00 00010000 00100000[0m
[0;32mI (91) boot: End of partition table[0m
[0;32mI (96) esp_image: segment 0: paddr=00010020 vaddr=3c020020 size=0b520h ( 46368) map[0m
[0;32mI (112) esp_image: segment 1: paddr=0001b548 vaddr=3fc93100 size=02de8h ( 11752) load[0m
[0;32mI (115) esp_image: segment 2: paddr=0001e338 vaddr=40374000 size=01ce0h (  7392) load[0m
[0;32mI (123) esp_image: segment 3: paddr=00020020 vaddr=42000020 size=1aa7ch (109180) map[0m
[0;32mI (149) esp_image: segment 4: paddr=0003aaa4 vaddr=40375ce0 size=0d334h ( 54068) load[0m
[0;32mI (167) boot: Loaded app from partition at offset 0x10000[0m
[0;32mI (167) boot: Disabling RNG early entropy source...[0m
[0;32mI (179) cpu_start: Multicore app[0m
[0;32mI (189) cpu_start: Pro cpu start user code[0m
[0;32mI (189) cpu_start: cpu freq: 160000000 Hz[0m
[0;32mI (189) app_init: Application information:[0m
[0;32mI (192) app_init: Project name:     DHT11[0m
[0;32mI (197) app_init: App version:      8dafe54-dirty[0m
[0;32mI (202) app_init: Compile time:     Aug  7 2024 16:55:19[0m
[0;32mI (208) app_init: ELF file SHA256:  6675ff9d5...[0m
[0;32mI (213) app_init: ESP-IDF:          v5.3-dirty[0m
[0;32mI (218) efuse_init: Min chip rev:     v0.0[0m
[0;32mI (223) efuse_init: Max chip rev:     v0.99 [0m
[0;32mI (228) efuse_init: Chip rev:         v0.1[0m
[0;32mI (233) heap_init: Initializing. RAM available for dynamic allocation:[0m
[0;32mI (240) heap_init: At 3FC967B0 len 00052F60 (331 KiB): RAM[0m
[0;32mI (246) heap_init: At 3FCE9710 len 00005724 (21 KiB): RAM[0m
[0;32mI (252) heap_init: At 3FCF0000 len 00008000 (32 KiB): DRAM[0m
[0;32mI (258) heap_init: At 600FE100 len 00001EE8 (7 KiB): RTCRAM[0m
[0;32mI (266) spi_flash: detected chip: gd[0m
[0;32mI (269) spi_flash: flash io: dio[0m
[0;33mW (273) spi_flash: Detected size(16384k) larger than the size in the binary image header(2048k). Using the size in the binary image header.[0m
[0;32mI (286) sleep: Configure to isolate all GPIO pins in sleep state[0m
[0;32mI (293) sleep: Enable automatic switching of GPIO sleep configuration[0m
[0;32mI (300) main_task: Started on CPU0[0m
[0;32mI (320) main_task: Calling app_main()[0m
[0;31mE (320) rmt: rmt_new_rx_channel(184): invalid GPIO number 23[0m
ESP_ERROR_CHECK failed: esp_err_t 0x102 (ESP_ERR_INVALID_ARG) at 0x42008e09
file: "./main/dh_11.c" line 17
func: DHT11_Init
expression: rmt_new_rx_channel(&rx_chan_config,&rx_chan)

abort() was called at PC 0x4037a61f on core 0


Backtrace: 0x40375a22:0x3fc99160 0x4037a629:0x3fc99180 0x40380f1d:0x3fc991a0 0x4037a61f:0x3fc99210 0x42008e09:0x3fc99240 0x42008dc9:0x3fc99280 0x42019d0b:0x3fc992a0 0x4037ae8d:0x3fc992d0




ELF file SHA256: 6675ff9d5

Rebooting...
ï¿½ï¿½ï¿½ESP-ROM:esp32s3-20210327
Build:Mar 27 2021
rst:0xc (RTC_SW_CPU_RST),boot:0x8 (SPI_FAST_FLASH_BOOT)
Saved PC:0x4037595c
SPIWP:0xee
mode:DIO, clock div:1
load:0x3fce2810,len:0x178c
load:0x403c8700,len:0x4
load:0x403c8704,len:0xcb8
load:0x403cb700,len:0x2db0
entry 0x403c8914
[0;32mI (31) boot: ESP-IDF v5.3-dirty 2nd stage bootloader[0m
[0;32mI (31) boot: compile time Aug  7 2024 16:55:45[0m
[0;32mI (31) boot: Multicore bootloader[0m
[0;32mI (35) boot: chip revision: v0.1[0m
[0;32mI (38) boot.esp32s3: Boot SPI Speed : 80MHz[0m
[0;32mI (43) boot.esp32s3: SPI Mode       : DIO[0m
[0;32mI (48) boot.esp32s3: SPI Flash Size : 2MB[0m
[0;32mI (53) boot: Enabling RNG early entropy source...[0m
[0;32mI (58) boot: Partition Table:[0m
[0;32mI (62) boot: ## Label            Usage          Type ST Offset   Length[0m
[0;32mI (69) boot:  0 nvs              WiFi data        01 02 00009000 00006000[0m
[0;32mI (76) boot:  1 phy_init         RF data          01 01 0000f000 00001000[0m
[0;32mI (84) boot:  2 factory          factory app      00 00 00010000 00100000[0m
[0;32mI (91) boot: End of partition table[0m
[0;32mI (96) esp_image: segment 0: paddr=00010020 vaddr=3c020020 size=0b520h ( 46368) map[0m
[0;32mI (112) esp_image: segment 1: paddr=0001b548 vaddr=3fc93100 size=02de8h ( 11752) load[0m
[0;32mI (115) esp_image: segment 2: paddr=0001e338 vaddr=40374000 size=01ce0h (  7392) load[0m
[0;32mI (123) esp_image: segment 3: paddr=00020020 vaddr=42000020 size=1aa7ch (109180) map[0m
[0;32mI (149) esp_image: segment 4: paddr=0003aaa4 vaddr=40375ce0 size=0d334h ( 54068) load[0m
[0;32mI (167) boot: Loaded app from partition at offset 0x10000[0m
[0;32mI (167) boot: Disabling RNG early entropy source...[0m
[0;32mI (179) cpu_start: Multicore app[0m
[0;32mI (189) cpu_start: Pro cpu start user code[0m
[0;32mI (189) cpu_start: cpu freq: 160000000 Hz[0m
[0;32mI (189) app_init: Application information:[0m
[0;32mI (192) app_init: Project name:     DHT11[0m
[0;32mI (197) app_init: App version:      8dafe54-dirty[0m
[0;32mI (202) app_init: Compile time:     Aug  7 2024 16:55:19[0m
[0;32mI (208) app_init: ELF file SHA256:  6675ff9d5...[0m
[0;32mI (213) app_init: ESP-IDF:          v5.3-dirty[0m
[0;32mI (218) efuse_init: Min chip rev:     v0.0[0m
[0;32mI (223) efuse_init: Max chip rev:     v0.99 [0m
[0;32mI (228) efuse_init: Chip rev:         v0.1[0m
[0;32mI (233) heap_init: Initializing. RAM available for dynamic allocation:[0m
[0;32mI (240) heap_init: At 3FC967B0 len 00052F60 (331 KiB): RAM[0m
[0;32mI (246) heap_init: At 3FCE9710 len 00005724 (21 KiB): RAM[0m
[0;32mI (252) heap_init: At 3FCF0000 len 00008000 (32 KiB): DRAM[0m
[0;32mI (258) heap_init: At 600FE100 len 00001EE8 (7 KiB): RTCRAM[0m
[0;32mI (266) spi_flash: detected chip: gd[0m
[0;32mI (269) spi_flash: flash io: dio[0m
[0;33mW (273) spi_flash: Detected size(16384k) larger than the size in the binary image header(2048k). Using the size in the binary image header.[0m
[0;32mI (286) sleep: Configure to isolate all GPIO pins in sleep state[0m
[0;32mI (293) sleep: Enable automatic switching of GPIO sleep configuration[0m
[0;32mI (300) main_task: Started on CPU0[0m
[0;32mI (320) main_task: Calling app_main()[0m
[0;31mE (320) rmt: rmt_new_rx_channel(184): invalid GPIO number 23[0m
ESP_ERROR_CHECK failed: esp_err_t 0x102 (ESP_ERR_INVALID_ARG) at 0x42008e09
file: "./main/dh_11.c" line 17
func: DHT11_Init
expression: rmt_new_rx_channel(&rx_chan_config,&rx_chan)

abort() was called at PC 0x4037a61f on core 0


Backtrace: 0x40375a22:0x3fc99160 0x4037a629:0x3fc99180 0x40380f1d:0x3fc991a0 0x4037a61f:0x3fc99210 0x42008e09:0x3fc99240 0x42008dc9:0x3fc99280 0x42019d0b:0x3fc992a0 0x4037ae8d:0x3fc992d0




ELF file SHA256: 6675ff9d5

Rebooting...
ï¿½ï¿½ï¿½ESP-ROM:esp32s3-20210327
Build:Mar 27 2021
rst:0xc (RTC_SW_CPU_RST),boot:0x8 (SPI_FAST_FLASH_BOOT)
Saved PC:0x4037595c
SPIWP:0xee
mode:DIO, clock div:1
load:0x3fce2810,len:0x178c
load:0x403c8700,len:0x4
load:0x403c8704,len:0xcb8
load:0x403cb700,len:0x2db0
entry 0x403c8914
[0;32mI (31) boot: ESP-IDF v5.3-dirty 2nd stage bootloader[0m
[0;32mI (31) boot: compile time Aug  7 2024 16:55:45[0m
[0;32mI (31) boot: Multicore bootloader[0m
[0;32mI (35) boot: chip revision: v0.1[0m
[0;32mI (38) boot.esp32s3: Boot SPI Speed : 80MHz[0m
[0;32mI (43) boot.esp32s3: SPI Mode       : DIO[0m
[0;32mI (48) boot.esp32s3: SPI Flash Size : 2MB[0m
[0;32mI (53) boot: Enabling RNG early entropy source...[0m
[0;32mI (58) boot: Partition Table:[0m
[0;32mI (62) boot: ## Label            Usage          Type ST Offset   Length[0m
[0;32mI (69) boot:  0 nvs              WiFi data        01 02 00009000 00006000[0m
[0;32mI (76) boot:  1 phy_init         RF data          01 01 0000f000 00001000[0m
[0;32mI (84) boot:  2 factory          factory app      00 00 00010000 00100000[0m
[0;32mI (91) boot: End of partition table[0m
[0;32mI (96) esp_image: segment 0: paddr=00010020 vaddr=3c020020 size=0b520h ( 46368) map[0m
[0;32mI (112) esp_image: segment 1: paddr=0001b548 vaddr=3fc93100 size=02de8h ( 11752) load[0m
[0;32mI (115) esp_image: segment 2: paddr=0001e338 vaddr=40374000 size=01ce0h (  7392) load[0m
[0;32mI (123) esp_image: segment 3: paddr=00020020 vaddr=42000020 size=1aa7ch (109180) map[0m
[0;32mI (149) esp_image: segment 4: paddr=0003aaa4 vaddr=40375ce0 size=0d334h ( 54068) load[0m
[0;32mI (167) boot: Loaded app from partition at offset 0x10000[0m
[0;32mI (167) boot: Disabling RNG early entropy source...[0m
[0;32mI (179) cpu_start: Multicore app[0m
[0;32mI (189) cpu_start: Pro cpu start user code[0m
[0;32mI (189) cpu_start: cpu freq: 160000000 Hz[0m
[0;32mI (189) app_init: Application information:[0m
[0;32mI (192) app_init: Project name:     DHT11[0m
[0;32mI (197) app_init: App version:      8dafe54-dirty[0m
[0;32mI (202) app_init: Compile time:     Aug  7 2024 16:55:19[0m
[0;32mI (208) app_init: ELF file SHA256:  6675ff9d5...[0m
[0;32mI (213) app_init: ESP-IDF:          v5.3-dirty[0m
[0;32mI (218) efuse_init: Min chip rev:     v0.0[0m
[0;32mI (223) efuse_init: Max chip rev:     v0.99 [0m
[0;32mI (228) efuse_init: Chip rev:         v0.1[0m
[0;32mI (233) heap_init: Initializing. RAM available for dynamic allocation:[0m
[0;32mI (240) heap_init: At 3FC967B0 len 00052F60 (331 KiB): RAM[0m
[0;32mI (246) heap_init: At 3FCE9710 len 00005724 (21 KiB): RAM[0m
[0;32mI (252) heap_init: At 3FCF0000 len 00008000 (32 KiB): DRAM[0m
[0;32mI (258) heap_init: At 600FE100 len 00001EE8 (7 KiB): RTCRAM[0m
[0;32mI (266) spi_flash: detected chip: gd[0m
[0;32mI (269) spi_flash: flash io: dio[0m
[0;33mW (273) spi_flash: Detected size(16384k) larger than the size in the binary image header(2048k). Using the size in the binary image header.[0m
[0;32mI (286) sleep: Configure to isolate all GPIO pins in sleep state[0m
[0;32mI (293) sleep: Enable automatic switching of GPIO sleep configuration[0m
[0;32mI (300) main_task: Started on CPU0[0m
[0;32mI (320) main_task: Calling app_main()[0m
[0;31mE (320) rmt: rmt_new_rx_channel(184): invalid GPIO number 23[0m
ESP_ERROR_CHECK failed: esp_err_t 0x102 (ESP_ERR_INVALID_ARG) at 0x42008e09
file: "./main/dh_11.c" line 17
func: DHT11_Init
expression: rmt_new_rx_channel(&rx_chan_config,&rx_chan)

abort() was called at PC 0x4037a61f on core 0


Backtrace: 0x40375a22:0x3fc99160 0x4037a629:0x3fc99180 0x40380f1d:0x3fc991a0 0x4037a61f:0x3fc99210 0x42008e09:0x3fc99240 0x42008dc9:0x3fc99280 0x42019d0b:0x3fc992a0 0x4037ae8d:0x3fc992d0




ELF file SHA256: 6675ff9d5

Rebooting...
ï¿½ï¿½ï¿½ESP-ROM:esp32s3-20210327
Build:Mar 27 2021
rst:0xc (RTC_SW_CPU_RST),boot:0x8 (SPI_FAST_FLASH_BOOT)
Saved PC:0x4037595c
SPIWP:0xee
mode:DIO, clock div:1
load:0x3fce2810,len:0x178c
load:0x403c8700,len:0x4
load:0x403c8704,len:0xcb8
load:0x403cb700,len:0x2db0
entry 0x403c8914
[0;32mI (31) boot: ESP-IDF v5.3-dirty 2nd stage bootloader[0m
[0;32mI (31) boot: compile time Aug  7 2024 16:55:45[0m
[0;32mI (31) boot: Multicore bootloader[0m
[0;32mI (35) boot: chip revision: v0.1[0m
[0;32mI (38) boot.esp32s3: Boot SPI Speed : 80MHz[0m
[0;32mI (43) boot.esp32s3: SPI Mode       : DIO[0m
[0;32mI (48) boot.esp32s3: SPI Flash Size : 2MB[0m
[0;32mI (53) boot: Enabling RNG early entropy source...[0m
[0;32mI (58) boot: Partition Table:[0m
[0;32mI (62) boot: ## Label            Usage          Type ST Offset   Length[0m
[0;32mI (69) boot:  0 nvs              WiFi data        01 02 00009000 00006000[0m
[0;32mI (76) boot:  1 phy_init         RF data          01 01 0000f000 00001000[0m
[0;32mI (84) boot:  2 factory          factory app      00 00 00010000 00100000[0m
[0;32mI (91) boot: End of partition table[0m
[0;32mI (96) esp_image: segment 0: paddr=00010020 vaddr=3c020020 size=0b520h ( 46368) map[0m
[0;32mI (112) esp_image: segment 1: paddr=0001b548 vaddr=3fc93100 size=02de8h ( 11752) load[0m
[0;32mI (115) esp_image: segment 2: paddr=0001e338 vaddr=40374000 size=01ce0h (  7392) load[0m
[0;32mI (123) esp_image: segment 3: paddr=00020020 vaddr=42000020 size=1aa7ch (109180) map[0m
[0;32mI (149) esp_image: segment 4: paddr=0003aaa4 vaddr=40375ce0 size=0d334h ( 54068) load[0m
[0;32mI (167) boot: Loaded app from partition at offset 0x10000[0m
[0;32mI (167) boot: Disabling RNG early entropy source...[0m
[0;32mI (179) cpu_start: Multicore app[0m
[0;32mI (189) cpu_start: Pro cpu start user code[0m
[0;32mI (189) cpu_start: cpu freq: 160000000 Hz[0m
[0;32mI (189) app_init: Application information:[0m
[0;32mI (192) app_init: Project name:     DHT11[0m
[0;32mI (197) app_init: App version:      8dafe54-dirty[0m
[0;32mI (202) app_init: Compile time:     Aug  7 2024 16:55:19[0m
[0;32mI (208) app_init: ELF file SHA256:  6675ff9d5...[0m
[0;32mI (213) app_init: ESP-IDF:          v5.3-dirty[0m
[0;32mI (218) efuse_init: Min chip rev:     v0.0[0m
[0;32mI (223) efuse_init: Max chip rev:     v0.99 [0m
[0;32mI (228) efuse_init: Chip rev:         v0.1[0m
[0;32mI (233) heap_init: Initializing. RAM available for dynamic allocation:[0m
[0;32mI (240) heap_init: At 3FC967B0 len 00052F60 (331 KiB): RAM[0m
[0;32mI (246) heap_init: At 3FCE9710 len 00005724 (21 KiB): RAM[0m
[0;32mI (252) heap_init: At 3FCF0000 len 00008000 (32 KiB): DRAM[0m
[0;32mI (258) heap_init: At 600FE100 len 00001EE8 (7 KiB): RTCRAM[0m
[0;32mI (266) spi_flash: detected chip: gd[0m
[0;32mI (269) spi_flash: flash io: dio[0m
[0;33mW (273) spi_flash: Detected size(16384k) larger than the size in the binary image header(2048k). Using the size in the binary image header.[0m
[0;32mI (286) sleep: Configure to isolate all GPIO pins in sleep state[0m
[0;32mI (293) sleep: Enable automatic switching of GPIO sleep configuration[0m
[0;32mI (300) main_task: Started on CPU0[0m
[0;32mI (320) main_task: Calling app_main()[0m
[0;31mE (320) rmt: rmt_new_rx_channel(184): invalid GPIO number 23[0m
ESP_ERROR_CHECK failed: esp_err_t 0x102 (ESP_ERR_INVALID_ARG) at 0x42008e09
file: "./main/dh_11.c" line 17
func: DHT11_Init
expression: rmt_new_rx_channel(&rx_chan_config,&rx_chan)

abort() was called at PC 0x4037a61f on core 0


Backtrace: 0x40375a22:0x3fc99160 0x4037a629:0x3fc99180 0x40380f1d:0x3fc991a0 0x4037a61f:0x3fc99210 0x42008e09:0x3fc99240 0x42008dc9:0x3fc99280 0x42019d0b:0x3fc992a0 0x4037ae8d:0x3fc992d0




ELF file SHA256: 6675ff9d5

Rebooting...
ï¿½ï¿½ï¿½ESP-ROM:esp32s3-20210327
Build:Mar 27 2021
rst:0xc (RTC_SW_CPU_RST),boot:0x8 (SPI_FAST_FLASH_BOOT)
Saved PC:0x4037595c
SPIWP:0xee
mode:DIO, clock div:1
load:0x3fce2810,len:0x178c
load:0x403c8700,len:0x4
load:0x403c8704,len:0xcb8
load:0x403cb700,len:0x2db0
entry 0x403c8914
[0;32mI (31) boot: ESP-IDF v5.3-dirty 2nd stage bootloader[0m
[0;32mI (31) boot: compile time Aug  7 2024 16:55:45[0m
[0;32mI (31) boot: Multicore bootloader[0m
[0;32mI (35) boot: chip revision: v0.1[0m
[0;32mI (38) boot.esp32s3: Boot SPI Speed : 80MHz[0m
[0;32mI (43) boot.esp32s3: SPI Mode       : DIO[0m
[0;32mI (48) boot.esp32s3: SPI Flash Size : 2MB[0m
[0;32mI (53) boot: Enabling RNG early entropy source...[0m
[0;32mI (58) boot: Partition Table:[0m
[0;32mI (62) boot: ## Label            Usage          Type ST Offset   Length[0m
[0;32mI (69) boot:  0 nvs              WiFi data        01 02 00009000 00006000[0m
[0;32mI (76) boot:  1 phy_init         RF data          01 01 0000f000 00001000[0m
[0;32mI (84) boot:  2 factory          factory app      00 00 00010000 00100000[0m
[0;32mI (91) boot: End of partition table[0m
[0;32mI (96) esp_image: segment 0: paddr=00010020 vaddr=3c020020 size=0b520h ( 46368) map[0m
[0;32mI (112) esp_image: segment 1: paddr=0001b548 vaddr=3fc93100 size=02de8h ( 11752) load[0m
[0;32mI (115) esp_image: segment 2: paddr=0001e338 vaddr=40374000 size=01ce0h (  7392) load[0m
[0;32mI (123) esp_image: segment 3: paddr=00020020 vaddr=42000020 size=1aa7ch (109180) map[0m
[0;32mI (149) esp_image: segment 4: paddr=0003aaa4 vaddr=40375ce0 size=0d334h ( 54068) load[0m
[0;32mI (167) boot: Loaded app from partition at offset 0x10000[0m
[0;32mI (167) boot: Disabling RNG early entropy source...[0m
[0;32mI (179) cpu_start: Multicore app[0m
[0;32mI (189) cpu_start: Pro cpu start user code[0m
[0;32mI (189) cpu_start: cpu freq: 160000000 Hz[0m
[0;32mI (189) app_init: Application information:[0m
[0;32mI (192) app_init: Project name:     DHT11[0m
[0;32mI (197) app_init: App version:      8dafe54-dirty[0m
[0;32mI (202) app_init: Compile time:     Aug  7 2024 16:55:19[0m
[0;32mI (208) app_init: ELF file SHA256:  6675ff9d5...[0m
[0;32mI (213) app_init: ESP-IDF:          v5.3-dirty[0m
[0;32mI (218) efuse_init: Min chip rev:     v0.0[0m
[0;32mI (223) efuse_init: Max chip rev:     v0.99 [0m
[0;32mI (228) efuse_init: Chip rev:         v0.1[0m
[0;32mI (233) heap_init: Initializing. RAM available for dynamic allocation:[0m
[0;32mI (240) heap_init: At 3FC967B0 len 00052F60 (331 KiB): RAM[0m
[0;32mI (246) heap_init: At 3FCE9710 len 00005724 (21 KiB): RAM[0m
[0;32mI (252) heap_init: At 3FCF0000 len 00008000 (32 KiB): DRAM[0m
[0;32mI (258) heap_init: At 600FE100 len 00001EE8 (7 KiB): RTCRAM[0m
[0;32mI (266) spi_flash: detected chip: gd[0m
[0;32mI (269) spi_flash: flash io: dio[0m
[0;33mW (273) spi_flash: Detected size(16384k) larger than the size in the binary image header(2048k). Using the size in the binary image header.[0m
[0;32mI (286) sleep: Configure to isolate all GPIO pins in sleep state[0m
[0;32mI (293) sleep: Enable automatic switching of GPIO sleep configuration[0m
[0;32mI (300) main_task: Started on CPU0[0m
[0;32mI (320) main_task: Calling app_main()[0m
[0;31mE (320) rmt: rmt_new_rx_channel(184): invalid GPIO number 23[0m
ESP_ERROR_CHECK failed: esp_err_t 0x102 (ESP_ERR_INVALID_ARG) at 0x42008e09
file: "./main/dh_11.c" line 17
func: DHT11_Init
expression: rmt_new_rx_channel(&rx_chan_config,&rx_chan)

abort() was called at PC 0x4037a61f on core 0


Backtrace: 0x40375a22:0x3fc99160 0x4037a629:0x3fc99180 0x40380f1d:0x3fc991a0 0x4037a61f:0x3fc99210 0x42008e09:0x3fc99240 0x42008dc9:0x3fc99280 0x42019d0b:0x3fc992a0 0x4037ae8d:0x3fc992d0




ELF file SHA256: 6675ff9d5

Rebooting...
ï¿½ï¿½ï¿½ESP-ROM:esp32s3-20210327
Build:Mar 27 2021
rst:0xc (RTC_SW_CPU_RST),boot:0x8 (SPI_FAST_FLASH_BOOT)
Saved PC:0x4037595c
SPIWP:0xee
mode:DIO, clock div:1
load:0x3fce2810,len:0x178c
load:0x403c8700,len:0x4
load:0x403c8704,len:0xcb8
load:0x403cb700,len:0x2db0
entry 0x403c8914
[0;32mI (31) boot: ESP-IDF v5.3-dirty 2nd stage bootloader[0m
[0;32mI (31) boot: compile time Aug  7 2024 16:55:45[0m
[0;32mI (31) boot: Multicore bootloader[0m
[0;32mI (35) boot: chip revision: v0.1[0m
[0;32mI (38) boot.esp32s3: Boot SPI Speed : 80MHz[0m
[0;32mI (43) boot.esp32s3: SPI Mode       : DIO[0m
[0;32mI (48) boot.esp32s3: SPI Flash Size : 2MB[0m
[0;32mI (53) boot: Enabling RNG early entropy source...[0m
[0;32mI (58) boot: Partition Table:[0m
[0;32mI (62) boot: ## Label            Usage          Type ST Offset   Length[0m
[0;32mI (69) boot:  0 nvs              WiFi data        01 02 00009000 00006000[0m
[0;32mI (76) boot:  1 phy_init         RF data          01 01 0000f000 00001000[0m
[0;32mI (84) boot:  2 factory          factory app      00 00 00010000 00100000[0m
[0;32mI (91) boot: End of partition table[0m
[0;32mI (96) esp_image: segment 0: paddr=00010020 vaddr=3c020020 size=0b520h ( 46368) map[0m
[0;32mI (112) esp_image: segment 1: paddr=0001b548 vaddr=3fc93100 size=02de8h ( 11752) load[0m
[0;32mI (115) esp_image: segment 2: paddr=0001e338 vaddr=40374000 size=01ce0h (  7392) load[0m
[0;32mI (123) esp_image: segment 3: paddr=00020020 vaddr=42000020 size=1aa7ch (109180) map[0m
[0;32mI (149) esp_image: segment 4: paddr=0003aaa4 vaddr=40375ce0 size=0d334h ( 54068) load[0m
[0;32mI (167) boot: Loaded app from partition at offset 0x10000[0m
[0;32mI (167) boot: Disabling RNG early entropy source...[0m
[0;32mI (179) cpu_start: Multicore app[0m
[0;32mI (189) cpu_start: Pro cpu start user code[0m
[0;32mI (189) cpu_start: cpu freq: 160000000 Hz[0m
[0;32mI (189) app_init: Application information:[0m
[0;32mI (192) app_init: Project name:     DHT11[0m
[0;32mI (197) app_init: App version:      8dafe54-dirty[0m
[0;32mI (202) app_init: Compile time:     Aug  7 2024 16:55:19[0m
[0;32mI (208) app_init: ELF file SHA256:  6675ff9d5...[0m
[0;32mI (213) app_init: ESP-IDF:          v5.3-dirty[0m
[0;32mI (218) efuse_init: Min chip rev:     v0.0[0m
[0;32mI (223) efuse_init: Max chip rev:     v0.99 [0m
[0;32mI (228) efuse_init: Chip rev:         v0.1[0m
[0;32mI (233) heap_init: Initializing. RAM available for dynamic allocation:[0m
[0;32mI (240) heap_init: At 3FC967B0 len 00052F60 (331 KiB): RAM[0m
[0;32mI (246) heap_init: At 3FCE9710 len 00005724 (21 KiB): RAM[0m
[0;32mI (252) heap_init: At 3FCF0000 len 00008000 (32 KiB): DRAM[0m
[0;32mI (258) heap_init: At 600FE100 len 00001EE8 (7 KiB): RTCRAM[0m
[0;32mI (266) spi_flash: detected chip: gd[0m
[0;32mI (269) spi_flash: flash io: dio[0m
[0;33mW (273) spi_flash: Detected size(16384k) larger than the size in the binary image header(2048k). Using the size in the binary image header.[0m
[0;32mI (286) sleep: Configure to isolate all GPIO pins in sleep state[0m
[0;32mI (293) sleep: Enable automatic switching of GPIO sleep configuration[0m
[0;32mI (300) main_task: Started on CPU0[0m
[0;32mI (320) main_task: Calling app_main()[0m
[0;31mE (320) rmt: rmt_new_rx_channel(184): invalid GPIO number 23[0m
ESP_ERROR_CHECK failed: esp_err_t 0x102 (ESP_ERR_INVALID_ARG) at 0x42008e09
file: "./main/dh_11.c" line 17
func: DHT11_Init
expression: rmt_new_rx_channel(&rx_chan_config,&rx_chan)

abort() was called at PC 0x4037a61f on core 0


Backtrace: 0x40375a22:0x3fc99160 0x4037a629:0x3fc99180 0x40380f1d:0x3fc991a0 0x4037a61f:0x3fc99210 0x42008e09:0x3fc99240 0x42008dc9:0x3fc99280 0x42019d0b:0x3fc992a0 0x4037ae8d:0x3fc992d0




ELF file SHA256: 6675ff9d5

Rebooting...
ï¿½ï¿½ï¿½ESP-ROM:esp32s3-20210327
Build:Mar 27 2021
rst:0xc (RTC_SW_CPU_RST),boot:0x8 (SPI_FAST_FLASH_BOOT)
Saved PC:0x4037595c
SPIWP:0xee
mode:DIO, clock div:1
load:0x3fce2810,len:0x178c
load:0x403c8700,len:0x4
load:0x403c8704,len:0xcb8
load:0x403cb700,len:0x2db0
entry 0x403c8914
[0;32mI (31) boot: ESP-IDF v5.3-dirty 2nd stage bootloader[0m
[0;32mI (31) boot: compile time Aug  7 2024 16:55:45[0m
[0;32mI (31) boot: Multicore bootloader[0m
[0;32mI (35) boot: chip revision: v0.1[0m
[0;32mI (38) boot.esp32s3: Boot SPI Speed : 80MHz[0m
[0;32mI (43) boot.esp32s3: SPI Mode       : DIO[0m
[0;32mI (48) boot.esp32s3: SPI Flash Size : 2MB[0m
[0;32mI (53) boot: Enabling RNG early entropy source...[0m
[0;32mI (58) boot: Partition Table:[0m
[0;32mI (62) boot: ## Label            Usage          Type ST Offset   Length[0m
[0;32mI (69) boot:  0 nvs              WiFi data        01 02 00009000 00006000[0m
[0;32mI (76) boot:  1 phy_init         RF data          01 01 0000f000 00001000[0m
[0;32mI (84) boot:  2 factory          factory app      00 00 00010000 00100000[0m
[0;32mI (91) boot: End of partition table[0m
[0;32mI (96) esp_image: segment 0: paddr=00010020 vaddr=3c020020 size=0b520h ( 46368) map[0m
[0;32mI (112) esp_image: segment 1: paddr=0001b548 vaddr=3fc93100 size=02de8h ( 11752) load[0m
[0;32mI (115) esp_image: segment 2: paddr=0001e338 vaddr=40374000 size=01ce0h (  7392) load[0m
[0;32mI (123) esp_image: segment 3: paddr=00020020 vaddr=42000020 size=1aa7ch (109180) map[0m
[0;32mI (149) esp_image: segment 4: paddr=0003aaa4 vaddr=40375ce0 size=0d334h ( 54068) load[0m
[0;32mI (167) boot: Loaded app from partition at offset 0x10000[0m
[0;32mI (167) boot: Disabling RNG early entropy source...[0m
[0;32mI (179) cpu_start: Multicore app[0m
[0;32mI (189) cpu_start: Pro cpu start user code[0m
[0;32mI (189) cpu_start: cpu freq: 160000000 Hz[0m
[0;32mI (189) app_init: Application information:[0m
[0;32mI (192) app_init: Project name:     DHT11[0m
[0;32mI (197) app_init: App version:      8dafe54-dirty[0m
[0;32mI (202) app_init: Compile time:     Aug  7 2024 16:55:19[0m
[0;32mI (208) app_init: ELF file SHA256:  6675ff9d5...[0m
[0;32mI (213) app_init: ESP-IDF:          v5.3-dirty[0m
[0;32mI (218) efuse_init: Min chip rev:     v0.0[0m
[0;32mI (223) efuse_init: Max chip rev:     v0.99 [0m
[0;32mI (228) efuse_init: Chip rev:         v0.1[0m
[0;32mI (233) heap_init: Initializing. RAM available for dynamic allocation:[0m
[0;32mI (240) heap_init: At 3FC967B0 len 00052F60 (331 KiB): RAM[0m
[0;32mI (246) heap_init: At 3FCE9710 len 00005724 (21 KiB): RAM[0m
[0;32mI (252) heap_init: At 3FCF0000 len 00008000 (32 KiB): DRAM[0m
[0;32mI (258) heap_init: At 600FE100 len 00001EE8 (7 KiB): RTCRAM[0m
[0;32mI (266) spi_flash: detected chip: gd[0m
[0;32mI (269) spi_flash: flash io: dio[0m
[0;33mW (273) spi_flash: Detected size(16384k) larger than the size in the binary image header(2048k). Using the size in the binary image header.[0m
[0;32mI (286) sleep: Configure to isolate all GPIO pins in sleep state[0m
[0;32mI (293) sleep: Enable automatic switching of GPIO sleep configuration[0m
[0;32mI (300) main_task: Started on CPU0[0m
[0;32mI (320) main_task: Calling app_main()[0m
[0;31mE (320) rmt: rmt_new_rx_channel(184): invalid GPIO number 23[0m
ESP_ERROR_CHECK failed: esp_err_t 0x102 (ESP_ERR_INVALID_ARG) at 0x42008e09
file: "./main/dh_11.c" line 17
func: DHT11_Init
expression: rmt_new_rx_channel(&rx_chan_config,&rx_chan)

abort() was called at PC 0x4037a61f on core 0


Backtrace: 0x40375a22:0x3fc99160 0x4037a629:0x3fc99180 0x40380f1d:0x3fc991a0 0x4037a61f:0x3fc99210 0x42008e09:0x3fc99240 0x42008dc9:0x3fc99280 0x42019d0b:0x3fc992a0 0x4037ae8d:0x3fc992d0




ELF file SHA256: 6675ff9d5

Rebooting...
ï¿½ï¿½ï¿½ESP-ROM:esp32s3-20210327
Build:Mar 27 2021
rst:0xc (RTC_SW_CPU_RST),boot:0x8 (SPI_FAST_FLASH_BOOT)
Saved PC:0x4037595c
SPIWP:0xee
mode:DIO, clock div:1
load:0x3fce2810,len:0x178c
load:0x403c8700,len:0x4
load:0x403c8704,len:0xcb8
load:0x403cb700,len:0x2db0
entry 0x403c8914
[0;32mI (31) boot: ESP-IDF v5.3-dirty 2nd stage bootloader[0m
[0;32mI (31) boot: compile time Aug  7 2024 16:55:45[0m
[0;32mI (31) boot: Multicore bootloader[0m
[0;32mI (35) boot: chip revision: v0.1[0m
[0;32mI (38) boot.esp32s3: Boot SPI Speed : 80MHz[0m
[0;32mI (43) boot.esp32s3: SPI Mode       : DIO[0m
[0;32mI (48) boot.esp32s3: SPI Flash Size : 2MB[0m
[0;32mI (53) boot: Enabling RNG early entropy source...[0m
[0;32mI (58) boot: Partition Table:[0m
[0;32mI (62) boot: ## Label            Usage          Type ST Offset   Length[0m
[0;32mI (69) boot:  0 nvs              WiFi data        01 02 00009000 00006000[0m
[0;32mI (76) boot:  1 phy_init         RF data          01 01 0000f000 00001000[0m
[0;32mI (84) boot:  2 factory          factory app      00 00 00010000 00100000[0m
[0;32mI (91) boot: End of partition table[0m
[0;32mI (96) esp_image: segment 0: paddr=00010020 vaddr=3c020020 size=0b520h ( 46368) map[0m
[0;32mI (112) esp_image: segment 1: paddr=0001b548 vaddr=3fc93100 size=02de8h ( 11752) load[0m
[0;32mI (115) esp_image: segment 2: paddr=0001e338 vaddr=40374000 size=01ce0h (  7392) load[0m
[0;32mI (123) esp_image: segment 3: paddr=00020020 vaddr=42000020 size=1aa7ch (109180) map[0m
[0;32mI (149) esp_image: segment 4: paddr=0003aaa4 vaddr=40375ce0 size=0d334h ( 54068) load[0m
[0;32mI (167) boot: Loaded app from partition at offset 0x10000[0m
[0;32mI (167) boot: Disabling RNG early entropy source...[0m
[0;32mI (179) cpu_start: Multicore app[0m
[0;32mI (189) cpu_start: Pro cpu start user code[0m
[0;32mI (189) cpu_start: cpu freq: 160000000 Hz[0m
[0;32mI (189) app_init: Application information:[0m
[0;32mI (192) app_init: Project name:     DHT11[0m
[0;32mI (197) app_init: App version:      8dafe54-dirty[0m
[0;32mI (202) app_init: Compile time:     Aug  7 2024 16:55:19[0m
[0;32mI (208) app_init: ELF file SHA256:  6675ff9d5...[0m
[0;32mI (213) app_init: ESP-IDF:          v5.3-dirty[0m
[0;32mI (218) efuse_init: Min chip rev:     v0.0[0m
[0;32mI (223) efuse_init: Max chip rev:     v0.99 [0m
[0;32mI (228) efuse_init: Chip rev:         v0.1[0m
[0;32mI (233) heap_init: Initializing. RAM available for dynamic allocation:[0m
[0;32mI (240) heap_init: At 3FC967B0 len 00052F60 (331 KiB): RAM[0m
[0;32mI (246) heap_init: At 3FCE9710 len 00005724 (21 KiB): RAM[0m
[0;32mI (252) heap_init: At 3FCF0000 len 00008000 (32 KiB): DRAM[0m
[0;32mI (258) heap_init: At 600FE100 len 00001EE8 (7 KiB): RTCRAM[0m
[0;32mI (266) spi_flash: detected chip: gd[0m
[0;32mI (269) spi_flash: flash io: dio[0m
[0;33mW (273) spi_flash: Detected size(16384k) larger than the size in the binary image header(2048k). Using the size in the binary image header.[0m
[0;32mI (286) sleep: Configure to isolate all GPIO pins in sleep state[0m
[0;32mI (293) sleep: Enable automatic switching of GPIO sleep configuration[0m
[0;32mI (300) main_task: Started on CPU0[0m
[0;32mI (320) main_task: Calling app_main()[0m
[0;31mE (320) rmt: rmt_new_rx_channel(184): invalid GPIO number 23[0m
ESP_ERROR_CHECK failed: esp_err_t 0x102 (ESP_ERR_INVALID_ARG) at 0x42008e09
file: "./main/dh_11.c" line 17
func: DHT11_Init
expression: rmt_new_rx_channel(&rx_chan_config,&rx_chan)

abort() was called at PC 0x4037a61f on core 0


Backtrace: 0x40375a22:0x3fc99160 0x4037a629:0x3fc99180 0x40380f1d:0x3fc991a0 0x4037a61f:0x3fc99210 0x42008e09:0x3fc99240 0x42008dc9:0x3fc99280 0x42019d0b:0x3fc992a0 0x4037ae8d:0x3fc992d0




ELF file SHA256: 6675ff9d5

Rebooting...
ï¿½ï¿½ï¿½ESP-ROM:esp32s3-20210327
Build:Mar 27 2021
rst:0xc (RTC_SW_CPU_RST),boot:0x8 (SPI_FAST_FLASH_BOOT)
Saved PC:0x4037595c
SPIWP:0xee
mode:DIO, clock div:1
load:0x3fce2810,len:0x178c
load:0x403c8700,len:0x4
load:0x403c8704,len:0xcb8
load:0x403cb700,len:0x2db0
entry 0x403c8914
[0;32mI (31) boot: ESP-IDF v5.3-dirty 2nd stage bootloader[0m
[0;32mI (31) boot: compile time Aug  7 2024 16:55:45[0m
[0;32mI (31) boot: Multicore bootloader[0m
[0;32mI (35) boot: chip revision: v0.1[0m
[0;32mI (38) boot.esp32s3: Boot SPI Speed : 80MHz[0m
[0;32mI (43) boot.esp32s3: SPI Mode       : DIO[0m
[0;32mI (48) boot.esp32s3: SPI Flash Size : 2MB[0m
[0;32mI (53) boot: Enabling RNG early entropy source...[0m
[0;32mI (58) boot: Partition Table:[0m
[0;32mI (62) boot: ## Label            Usage          Type ST Offset   Length[0m
[0;32mI (69) boot:  0 nvs              WiFi data        01 02 00009000 00006000[0m
[0;32mI (76) boot:  1 phy_init         RF data          01 01 0000f000 00001000[0m
[0;32mI (84) boot:  2 factory          factory app      00 00 00010000 00100000[0m
[0;32mI (91) boot: End of partition table[0m
[0;32mI (96) esp_image: segment 0: paddr=00010020 vaddr=3c020020 size=0b520h ( 46368) map[0m
[0;32mI (112) esp_image: segment 1: paddr=0001b548 vaddr=3fc93100 size=02de8h ( 11752) load[0m
[0;32mI (115) esp_image: segment 2: paddr=0001e338 vaddr=40374000 size=01ce0h (  7392) load[0m
[0;32mI (123) esp_image: segment 3: paddr=00020020 vaddr=42000020 size=1aa7ch (109180) map[0m
[0;32mI (149) esp_image: segment 4: paddr=0003aaa4 vaddr=40375ce0 size=0d334h ( 54068) load[0m
[0;32mI (167) boot: Loaded app from partition at offset 0x10000[0m
[0;32mI (167) boot: Disabling RNG early entropy source...[0m
[0;32mI (179) cpu_start: Multicore app[0m
[0;32mI (189) cpu_start: Pro cpu start user code[0m
[0;32mI (189) cpu_start: cpu freq: 160000000 Hz[0m
[0;32mI (189) app_init: Application information:[0m
[0;32mI (192) app_init: Project name:     DHT11[0m
[0;32mI (197) app_init: App version:      8dafe54-dirty[0m
[0;32mI (202) app_init: Compile time:     Aug  7 2024 16:55:19[0m
[0;32mI (208) app_init: ELF file SHA256:  6675ff9d5...[0m
[0;32mI (213) app_init: ESP-IDF:          v5.3-dirty[0m
[0;32mI (218) efuse_init: Min chip rev:     v0.0[0m
[0;32mI (223) efuse_init: Max chip rev:     v0.99 [0m
[0;32mI (228) efuse_init: Chip rev:         v0.1[0m
[0;32mI (233) heap_init: Initializing. RAM available for dynamic allocation:[0m
[0;32mI (240) heap_init: At 3FC967B0 len 00052F60 (331 KiB): RAM[0m
[0;32mI (246) heap_init: At 3FCE9710 len 00005724 (21 KiB): RAM[0m
[0;32mI (252) heap_init: At 3FCF0000 len 00008000 (32 KiB): DRAM[0m
[0;32mI (258) heap_init: At 600FE100 len 00001EE8 (7 KiB): RTCRAM[0m
[0;32mI (266) spi_flash: detected chip: gd[0m
[0;32mI (269) spi_flash: flash io: dio[0m
[0;33mW (273) spi_flash: Detected size(16384k) larger than the size in the binary image header(2048k). Using the size in the binary image header.[0m
[0;32mI (286) sleep: Configure to isolate all GPIO pins in sleep state[0m
[0;32mI (293) sleep: Enable automatic switching of GPIO sleep configuration[0m
[0;32mI (300) main_task: Started on CPU0[0m
[0;32mI (320) main_task: Calling app_main()[0m
[0;31mE (320) rmt: rmt_new_rx_channel(184): invalid GPIO number 23[0m
ESP_ERROR_CHECK failed: esp_err_t 0x102 (ESP_ERR_INVALID_ARG) at 0x42008e09
file: "./main/dh_11.c" line 17
func: DHT11_Init
expression: rmt_new_rx_channel(&rx_chan_config,&rx_chan)

abort() was called at PC 0x4037a61f on core 0


Backtrace: 0x40375a22:0x3fc99160 0x4037a629:0x3fc99180 0x40380f1d:0x3fc991a0 0x4037a61f:0x3fc99210 0x42008e09:0x3fc99240 0x42008dc9:0x3fc99280 0x42019d0b:0x3fc992a0 0x4037ae8d:0x3fc992d0




ELF file SHA256: 6675ff9d5

Rebooting...
ï¿½ï¿½ï¿½ESP-ROM:esp32s3-20210327
Build:Mar 27 2021
rst:0xc (RTC_SW_CPU_RST),boot:0x8 (SPI_FAST_FLASH_BOOT)
Saved PC:0x4037595c
SPIWP:0xee
mode:DIO, clock div:1
load:0x3fce2810,len:0x178c
load:0x403c8700,len:0x4
load:0x403c8704,len:0xcb8
load:0x403cb700,len:0x2db0
entry 0x403c8914
[0;32mI (31) boot: ESP-IDF v5.3-dirty 2nd stage bootloader[0m
[0;32mI (31) boot: compile time Aug  7 2024 16:55:45[0m
[0;32mI (31) boot: Multicore bootloader[0m
[0;32mI (35) boot: chip revision: v0.1[0m
[0;32mI (38) boot.esp32s3: Boot SPI Speed : 80MHz[0m
[0;32mI (43) boot.esp32s3: SPI Mode       : DIO[0m
[0;32mI (48) boot.esp32s3: SPI Flash Size : 2MB[0m
[0;32mI (53) boot: Enabling RNG early entropy source...[0m
[0;32mI (58) boot: Partition Table:[0m
[0;32mI (62) boot: ## Label            Usage          Type ST Offset   Length[0m
[0;32mI (69) boot:  0 nvs              WiFi data        01 02 00009000 00006000[0m
[0;32mI (76) boot:  1 phy_init         RF data          01 01 0000f000 00001000[0m
[0;32mI (84) boot:  2 factory          factory app      00 00 00010000 00100000[0m
[0;32mI (91) boot: End of partition table[0m
[0;32mI (96) esp_image: segment 0: paddr=00010020 vaddr=3c020020 size=0b520h ( 46368) map[0m
[0;32mI (112) esp_image: segment 1: paddr=0001b548 vaddr=3fc93100 size=02de8h ( 11752) load[0m
[0;32mI (115) esp_image: segment 2: paddr=0001e338 vaddr=40374000 size=01ce0h (  7392) load[0m
[0;32mI (123) esp_image: segment 3: paddr=00020020 vaddr=42000020 size=1aa7ch (109180) map[0m
[0;32mI (149) esp_image: segment 4: paddr=0003aaa4 vaddr=40375ce0 size=0d334h ( 54068) load[0m
[0;32mI (167) boot: Loaded app from partition at offset 0x10000[0m
[0;32mI (167) boot: Disabling RNG early entropy source...[0m
[0;32mI (179) cpu_start: Multicore app[0m
[0;32mI (189) cpu_start: Pro cpu start user code[0m
[0;32mI (189) cpu_start: cpu freq: 160000000 Hz[0m
[0;32mI (189) app_init: Application information:[0m
[0;32mI (192) app_init: Project name:     DHT11[0m
[0;32mI (197) app_init: App version:      8dafe54-dirty[0m
[0;32mI (202) app_init: Compile time:     Aug  7 2024 16:55:19[0m
[0;32mI (208) app_init: ELF file SHA256:  6675ff9d5...[0m
[0;32mI (213) app_init: ESP-IDF:          v5.3-dirty[0m
[0;32mI (218) efuse_init: Min chip rev:     v0.0[0m
[0;32mI (223) efuse_init: Max chip rev:     v0.99 [0m
[0;32mI (228) efuse_init: Chip rev:         v0.1[0m
[0;32mI (233) heap_init: Initializing. RAM available for dynamic allocation:[0m
[0;32mI (240) heap_init: At 3FC967B0 len 00052F60 (331 KiB): RAM[0m
[0;32mI (246) heap_init: At 3FCE9710 len 00005724 (21 KiB): RAM[0m
[0;32mI (252) heap_init: At 3FCF0000 len 00008000 (32 KiB): DRAM[0m
[0;32mI (258) heap_init: At 600FE100 len 00001EE8 (7 KiB): RTCRAM[0m
[0;32mI (266) spi_flash: detected chip: gd[0m
[0;32mI (269) spi_flash: flash io: dio[0m
[0;33mW (273) spi_flash: Detected size(16384k) larger than the size in the binary image header(2048k). Using the size in the binary image header.[0m
[0;32mI (286) sleep: Configure to isolate all GPIO pins in sleep state[0m
[0;32mI (293) sleep: Enable automatic switching of GPIO sleep configuration[0m
[0;32mI (300) main_task: Started on CPU0[0m
[0;32mI (320) main_task: Calling app_main()[0m
[0;31mE (320) rmt: rmt_new_rx_channel(184): invalid GPIO number 23[0m
ESP_ERROR_CHECK failed: esp_err_t 0x102 (ESP_ERR_INVALID_ARG) at 0x42008e09
file: "./main/dh_11.c" line 17
func: DHT11_Init
expression: rmt_new_rx_channel(&rx_chan_config,&rx_chan)

abort() was called at PC 0x4037a61f on core 0


Backtrace: 0x40375a22:0x3fc99160 0x4037a629:0x3fc99180 0x40380f1d:0x3fc991a0 0x4037a61f:0x3fc99210 0x42008e09:0x3fc99240 0x42008dc9:0x3fc99280 0x42019d0b:0x3fc992a0 0x4037ae8d:0x3fc992d0




ELF file SHA256: 6675ff9d5

Rebooting...
ï¿½ï¿½ï¿½ESP-ROM:esp32s3-20210327
Build:Mar 27 2021
rst:0xc (RTC_SW_CPU_RST),boot:0x8 (SPI_FAST_FLASH_BOOT)
Saved PC:0x4037595c
SPIWP:0xee
mode:DIO, clock div:1
load:0x3fce2810,len:0x178c
load:0x403c8700,len:0x4
load:0x403c8704,len:0xcb8
load:0x403cb700,len:0x2db0
entry 0x403c8914
[0;32mI (31) boot: ESP-IDF v5.3-dirty 2nd stage bootloader[0m
[0;32mI (31) boot: compile time Aug  7 2024 16:55:45[0m
[0;32mI (31) boot: Multicore bootloader[0m
[0;32mI (35) boot: chip revision: v0.1[0m
[0;32mI (38) boot.esp32s3: Boot SPI Speed : 80MHz[0m
[0;32mI (43) boot.esp32s3: SPI Mode       : DIO[0m
[0;32mI (48) boot.esp32s3: SPI Flash Size : 2MB[0m
[0;32mI (53) boot: Enabling RNG early entropy source...[0m
[0;32mI (58) boot: Partition Table:[0m
[0;32mI (62) boot: ## Label            Usage          Type ST Offset   Length[0m
[0;32mI (69) boot:  0 nvs              WiFi data        01 02 00009000 00006000[0m
[0;32mI (76) boot:  1 phy_init         RF data          01 01 0000f000 00001000[0m
[0;32mI (84) boot:  2 factory          factory app      00 00 00010000 00100000[0m
[0;32mI (91) boot: End of partition table[0m
[0;32mI (96) esp_image: segment 0: paddr=00010020 vaddr=3c020020 size=0b520h ( 46368) map[0m
[0;32mI (112) esp_image: segment 1: paddr=0001b548 vaddr=3fc93100 size=02de8h ( 11752) load[0m
[0;32mI (115) esp_image: segment 2: paddr=0001e338 vaddr=40374000 size=01ce0h (  7392) load[0m
[0;32mI (123) esp_image: segment 3: paddr=00020020 vaddr=42000020 size=1aa7ch (109180) map[0m
[0;32mI (149) esp_image: segment 4: paddr=0003aaa4 vaddr=40375ce0 size=0d334h ( 54068) load[0m
[0;32mI (167) boot: Loaded app from partition at offset 0x10000[0m
[0;32mI (167) boot: Disabling RNG early entropy source...[0m
[0;32mI (179) cpu_start: Multicore app[0m
[0;32mI (189) cpu_start: Pro cpu start user code[0m
[0;32mI (189) cpu_start: cpu freq: 160000000 Hz[0m
[0;32mI (189) app_init: Application information:[0m
[0;32mI (192) app_init: Project name:     DHT11[0m
[0;32mI (197) app_init: App version:      8dafe54-dirty[0m
[0;32mI (202) app_init: Compile time:     Aug  7 2024 16:55:19[0m
[0;32mI (208) app_init: ELF file SHA256:  6675ff9d5...[0m
[0;32mI (213) app_init: ESP-IDF:          v5.3-dirty[0m
[0;32mI (218) efuse_init: Min chip rev:     v0.0[0m
[0;32mI (223) efuse_init: Max chip rev:     v0.99 [0m
[0;32mI (228) efuse_init: Chip rev:         v0.1[0m
[0;32mI (233) heap_init: Initializing. RAM available for dynamic allocation:[0m
[0;32mI (240) heap_init: At 3FC967B0 len 00052F60 (331 KiB): RAM[0m
[0;32mI (246) heap_init: At 3FCE9710 len 00005724 (21 KiB): RAM[0m
[0;32mI (252) heap_init: At 3FCF0000 len 00008000 (32 KiB): DRAM[0m
[0;32mI (258) heap_init: At 600FE100 len 00001EE8 (7 KiB): RTCRAM[0m
[0;32mI (266) spi_flash: detected chip: gd[0m
[0;32mI (269) spi_flash: flash io: dio[0m
[0;33mW (273) spi_flash: Detected size(16384k) larger than the size in the binary image header(2048k). Using the size in the binary image header.[0m
[0;32mI (286) sleep: Configure to isolate all GPIO pins in sleep state[0m
[0;32mI (293) sleep: Enable automatic switching of GPIO sleep configuration[0m
[0;32mI (300) main_task: Started on CPU0[0m
[0;32mI (320) main_task: Calling app_main()[0m
[0;31mE (320) rmt: rmt_new_rx_channel(184): invalid GPIO number 23[0m
ESP_ERROR_CHECK failed: esp_err_t 0x102 (ESP_ERR_INVALID_ARG) at 0x42008e09
file: "./main/dh_11.c" line 17
func: DHT11_Init
expression: rmt_new_rx_channel(&rx_chan_config,&rx_chan)

abort() was called at PC 0x4037a61f on core 0


Backtrace: 0x40375a22:0x3fc99160 0x4037a629:0x3fc99180 0x40380f1d:0x3fc991a0 0x4037a61f:0x3fc99210 0x42008e09:0x3fc99240 0x42008dc9:0x3fc99280 0x42019d0b:0x3fc992a0 0x4037ae8d:0x3fc992d0




ELF file SHA256: 6675ff9d5

Rebooting...
ï¿½ï¿½ï¿½ESP-ROM:esp32s3-20210327
Build:Mar 27 2021
rst:0xc (RTC_SW_CPU_RST),boot:0x8 (SPI_FAST_FLASH_BOOT)
Saved PC:0x4037595c
SPIWP:0xee
mode:DIO, clock div:1
load:0x3fce2810,len:0x178c
load:0x403c8700,len:0x4
load:0x403c8704,len:0xcb8
load:0x403cb700,len:0x2db0
entry 0x403c8914
[0;32mI (31) boot: ESP-IDF v5.3-dirty 2nd stage bootloader[0m
[0;32mI (31) boot: compile time Aug  7 2024 16:55:45[0m
[0;32mI (31) boot: Multicore bootloader[0m
[0;32mI (35) boot: chip revision: v0.1[0m
[0;32mI (38) boot.esp32s3: Boot SPI Speed : 80MHz[0m
[0;32mI (43) boot.esp32s3: SPI Mode       : DIO[0m
[0;32mI (48) boot.esp32s3: SPI Flash Size : 2MB[0m
[0;32mI (53) boot: Enabling RNG early entropy source...[0m
[0;32mI (58) boot: Partition Table:[0m
[0;32mI (62) boot: ## Label            Usage          Type ST Offset   Length[0m
[0;32mI (69) boot:  0 nvs              WiFi data        01 02 00009000 00006000[0m
[0;32mI (76) boot:  1 phy_init         RF data          01 01 0000f000 00001000[0m
[0;32mI (84) boot:  2 factory          factory app      00 00 00010000 00100000[0m
[0;32mI (91) boot: End of partition table[0m
[0;32mI (96) esp_image: segment 0: paddr=00010020 vaddr=3c020020 size=0b520h ( 46368) map[0m
[0;32mI (112) esp_image: segment 1: paddr=0001b548 vaddr=3fc93100 size=02de8h ( 11752) load[0m
[0;32mI (115) esp_image: segment 2: paddr=0001e338 vaddr=40374000 size=01ce0h (  7392) load[0m
[0;32mI (123) esp_image: segment 3: paddr=00020020 vaddr=42000020 size=1aa7ch (109180) map[0m
[0;32mI (149) esp_image: segment 4: paddr=0003aaa4 vaddr=40375ce0 size=0d334h ( 54068) load[0m
[0;32mI (167) boot: Loaded app from partition at offset 0x10000[0m
[0;32mI (167) boot: Disabling RNG early entropy source...[0m
[0;32mI (179) cpu_start: Multicore app[0m
[0;32mI (189) cpu_start: Pro cpu start user code[0m
[0;32mI (189) cpu_start: cpu freq: 160000000 Hz[0m
[0;32mI (189) app_init: Application information:[0m
[0;32mI (192) app_init: Project name:     DHT11[0m
[0;32mI (197) app_init: App version:      8dafe54-dirty[0m
[0;32mI (202) app_init: Compile time:     Aug  7 2024 16:55:19[0m
[0;32mI (208) app_init: ELF file SHA256:  6675ff9d5...[0m
[0;32mI (213) app_init: ESP-IDF:          v5.3-dirty[0m
[0;32mI (218) efuse_init: Min chip rev:     v0.0[0m
[0;32mI (223) efuse_init: Max chip rev:     v0.99 [0m
[0;32mI (228) efuse_init: Chip rev:         v0.1[0m
[0;32mI (233) heap_init: Initializing. RAM available for dynamic allocation:[0m
[0;32mI (240) heap_init: At 3FC967B0 len 00052F60 (331 KiB): RAM[0m
[0;32mI (246) heap_init: At 3FCE9710 len 00005724 (21 KiB): RAM[0m
[0;32mI (252) heap_init: At 3FCF0000 len 00008000 (32 KiB): DRAM[0m
[0;32mI (258) heap_init: At 600FE100 len 00001EE8 (7 KiB): RTCRAM[0m
[0;32mI (266) spi_flash: detected chip: gd[0m
[0;32mI (269) spi_flash: flash io: dio[0m
[0;33mW (273) spi_flash: Detected size(16384k) larger than the size in the binary image header(2048k). Using the size in the binary image header.[0m
[0;32mI (286) sleep: Configure to isolate all GPIO pins in sleep state[0m
[0;32mI (293) sleep: Enable automatic switching of GPIO sleep configuration[0m
[0;32mI (300) main_task: Started on CPU0[0m
[0;32mI (320) main_task: Calling app_main()[0m
[0;31mE (320) rmt: rmt_new_rx_channel(184): invalid GPIO number 23[0m
ESP_ERROR_CHECK failed: esp_err_t 0x102 (ESP_ERR_INVALID_ARG) at 0x42008e09
file: "./main/dh_11.c" line 17
func: DHT11_Init
expression: rmt_new_rx_channel(&rx_chan_config,&rx_chan)

abort() was called at PC 0x4037a61f on core 0


Backtrace: 0x40375a22:0x3fc99160 0x4037a629:0x3fc99180 0x40380f1d:0x3fc991a0 0x4037a61f:0x3fc99210 0x42008e09:0x3fc99240 0x42008dc9:0x3fc99280 0x42019d0b:0x3fc992a0 0x4037ae8d:0x3fc992d0




ELF file SHA256: 6675ff9d5

Rebooting...
ï¿½ï¿½ï¿½ESP-ROM:esp32s3-20210327
Build:Mar 27 2021
rst:0xc (RTC_SW_CPU_RST),boot:0x8 (SPI_FAST_FLASH_BOOT)
Saved PC:0x4037595c
SPIWP:0xee
mode:DIO, clock div:1
load:0x3fce2810,len:0x178c
load:0x403c8700,len:0x4
load:0x403c8704,len:0xcb8
load:0x403cb700,len:0x2db0
entry 0x403c8914
[0;32mI (31) boot: ESP-IDF v5.3-dirty 2nd stage bootloader[0m
[0;32mI (31) boot: compile time Aug  7 2024 16:55:45[0m
[0;32mI (31) boot: Multicore bootloader[0m
[0;32mI (35) boot: chip revision: v0.1[0m
[0;32mI (38) boot.esp32s3: Boot SPI Speed : 80MHz[0m
[0;32mI (43) boot.esp32s3: SPI Mode       : DIO[0m
[0;32mI (48) boot.esp32s3: SPI Flash Size : 2MB[0m
[0;32mI (53) boot: Enabling RNG early entropy source...[0m
[0;32mI (58) boot: Partition Table:[0m
[0;32mI (62) boot: ## Label            Usage          Type ST Offset   Length[0m
[0;32mI (69) boot:  0 nvs              WiFi data        01 02 00009000 00006000[0m
[0;32mI (76) boot:  1 phy_init         RF data          01 01 0000f000 00001000[0m
[0;32mI (84) boot:  2 factory          factory app      00 00 00010000 00100000[0m
[0;32mI (91) boot: End of partition table[0m
[0;32mI (96) esp_image: segment 0: paddr=00010020 vaddr=3c020020 size=0b520h ( 46368) map[0m
[0;32mI (112) esp_image: segment 1: paddr=0001b548 vaddr=3fc93100 size=02de8h ( 11752) load[0m
[0;32mI (115) esp_image: segment 2: paddr=0001e338 vaddr=40374000 size=01ce0h (  7392) load[0m
[0;32mI (123) esp_image: segment 3: paddr=00020020 vaddr=42000020 size=1aa7ch (109180) map[0m
[0;32mI (149) esp_image: segment 4: paddr=0003aaa4 vaddr=40375ce0 size=0d334h ( 54068) load[0m
[0;32mI (167) boot: Loaded app from partition at offset 0x10000[0m
[0;32mI (167) boot: Disabling RNG early entropy source...[0m
[0;32mI (179) cpu_start: Multicore app[0m
[0;32mI (189) cpu_start: Pro cpu start user code[0m
[0;32mI (189) cpu_start: cpu freq: 160000000 Hz[0m
[0;32mI (189) app_init: Application information:[0m
[0;32mI (192) app_init: Project name:     DHT11[0m
[0;32mI (197) app_init: App version:      8dafe54-dirty[0m
[0;32mI (202) app_init: Compile time:     Aug  7 2024 16:55:19[0m
[0;32mI (208) app_init: ELF file SHA256:  6675ff9d5...[0m
[0;32mI (213) app_init: ESP-IDF:          v5.3-dirty[0m
[0;32mI (218) efuse_init: Min chip rev:     v0.0[0m
[0;32mI (223) efuse_init: Max chip rev:     v0.99 [0m
[0;32mI (228) efuse_init: Chip rev:         v0.1[0m
[0;32mI (233) heap_init: Initializing. RAM available for dynamic allocation:[0m
[0;32mI (240) heap_init: At 3FC967B0 len 00052F60 (331 KiB): RAM[0m
[0;32mI (246) heap_init: At 3FCE9710 len 00005724 (21 KiB): RAM[0m
[0;32mI (252) heap_init: At 3FCF0000 len 00008000 (32 KiB): DRAM[0m
[0;32mI (258) heap_init: At 600FE100 len 00001EE8 (7 KiB): RTCRAM[0m
[0;32mI (266) spi_flash: detected chip: gd[0m
[0;32mI (269) spi_flash: flash io: dio[0m
[0;33mW (273) spi_flash: Detected size(16384k) larger than the size in the binary image header(2048k). Using the size in the binary image header.[0m
[0;32mI (286) sleep: Configure to isolate all GPIO pins in sleep state[0m
[0;32mI (293) sleep: Enable automatic switching of GPIO sleep configuration[0m
[0;32mI (300) main_task: Started on CPU0[0m
[0;32mI (320) main_task: Calling app_main()[0m
[0;31mE (320) rmt: rmt_new_rx_channel(184): invalid GPIO number 23[0m
ESP_ERROR_CHECK failed: esp_err_t 0x102 (ESP_ERR_INVALID_ARG) at 0x42008e09
file: "./main/dh_11.c" line 17
func: DHT11_Init
expression: rmt_new_rx_channel(&rx_chan_config,&rx_chan)

abort() was called at PC 0x4037a61f on core 0


Backtrace: 0x40375a22:0x3fc99160 0x4037a629:0x3fc99180 0x40380f1d:0x3fc991a0 0x4037a61f:0x3fc99210 0x42008e09:0x3fc99240 0x42008dc9:0x3fc99280 0x42019d0b:0x3fc992a0 0x4037ae8d:0x3fc992d0




ELF file SHA256: 6675ff9d5

Rebooting...
ï¿½ï¿½ï¿½ESP-ROM:esp32s3-20210327
Build:Mar 27 2021
rst:0xc (RTC_SW_CPU_RST),boot:0x8 (SPI_FAST_FLASH_BOOT)
Saved PC:0x4037595c
SPIWP:0xee
mode:DIO, clock div:1
load:0x3fce2810,len:0x178c
load:0x403c8700,len:0x4
load:0x403c8704,len:0xcb8
load:0x403cb700,len:0x2db0
entry 0x403c8914
[0;32mI (31) boot: ESP-IDF v5.3-dirty 2nd stage bootloader[0m
[0;32mI (31) boot: compile time Aug  7 2024 16:55:45[0m
[0;32mI (31) boot: Multicore bootloader[0m
[0;32mI (35) boot: chip revision: v0.1[0m
[0;32mI (38) boot.esp32s3: Boot SPI Speed : 80MHz[0m
[0;32mI (43) boot.esp32s3: SPI Mode       : DIO[0m
[0;32mI (48) boot.esp32s3: SPI Flash Size : 2MB[0m
[0;32mI (53) boot: Enabling RNG early entropy source...[0m
[0;32mI (58) boot: Partition Table:[0m
[0;32mI (62) boot: ## Label            Usage          Type ST Offset   Length[0m
[0;32mI (69) boot:  0 nvs              WiFi data        01 02 00009000 00006000[0m
[0;32mI (76) boot:  1 phy_init         RF data          01 01 0000f000 00001000[0m
[0;32mI (84) boot:  2 factory          factory app      00 00 00010000 00100000[0m
[0;32mI (91) boot: End of partition table[0m
[0;32mI (96) esp_image: segment 0: paddr=00010020 vaddr=3c020020 size=0b520h ( 46368) map[0m
[0;32mI (112) esp_image: segment 1: paddr=0001b548 vaddr=3fc93100 size=02de8h ( 11752) load[0m
[0;32mI (115) esp_image: segment 2: paddr=0001e338 vaddr=40374000 size=01ce0h (  7392) load[0m
[0;32mI (123) esp_image: segment 3: paddr=00020020 vaddr=42000020 size=1aa7ch (109180) map[0m
[0;32mI (149) esp_image: segment 4: paddr=0003aaa4 vaddr=40375ce0 size=0d334h ( 54068) load[0m
[0;32mI (167) boot: Loaded app from partition at offset 0x10000[0m
[0;32mI (167) boot: Disabling RNG early entropy source...[0m
[0;32mI (179) cpu_start: Multicore app[0m
[0;32mI (189) cpu_start: Pro cpu start user code[0m
[0;32mI (189) cpu_start: cpu freq: 160000000 Hz[0m
[0;32mI (189) app_init: Application information:[0m
[0;32mI (192) app_init: Project name:     DHT11[0m
[0;32mI (197) app_init: App version:      8dafe54-dirty[0m
[0;32mI (202) app_init: Compile time:     Aug  7 2024 16:55:19[0m
[0;32mI (208) app_init: ELF file SHA256:  6675ff9d5...[0m
[0;32mI (213) app_init: ESP-IDF:          v5.3-dirty[0m
[0;32mI (218) efuse_init: Min chip rev:     v0.0[0m
[0;32mI (223) efuse_init: Max chip rev:     v0.99 [0m
[0;32mI (228) efuse_init: Chip rev:         v0.1[0m
[0;32mI (233) heap_init: Initializing. RAM available for dynamic allocation:[0m
[0;32mI (240) heap_init: At 3FC967B0 len 00052F60 (331 KiB): RAM[0m
[0;32mI (246) heap_init: At 3FCE9710 len 00005724 (21 KiB): RAM[0m
[0;32mI (252) heap_init: At 3FCF0000 len 00008000 (32 KiB): DRAM[0m
[0;32mI (258) heap_init: At 600FE100 len 00001EE8 (7 KiB): RTCRAM[0m
[0;32mI (266) spi_flash: detected chip: gd[0m
[0;32mI (269) spi_flash: flash io: dio[0m
[0;33mW (273) spi_flash: Detected size(16384k) larger than the size in the binary image header(2048k). Using the size in the binary image header.[0m
[0;32mI (286) sleep: Configure to isolate all GPIO pins in sleep state[0m
[0;32mI (293) sleep: Enable automatic switching of GPIO sleep configuration[0m
[0;32mI (300) main_task: Started on CPU0[0m
[0;32mI (320) main_task: Calling app_main()[0m
[0;31mE (320) rmt: rmt_new_rx_channel(184): invalid GPIO number 23[0m
ESP_ERROR_CHECK failed: esp_err_t 0x102 (ESP_ERR_INVALID_ARG) at 0x42008e09
file: "./main/dh_11.c" line 17
func: DHT11_Init
expression: rmt_new_rx_channel(&rx_chan_config,&rx_chan)

abort() was called at PC 0x4037a61f on core 0


Backtrace: 0x40375a22:0x3fc99160 0x4037a629:0x3fc99180 0x40380f1d:0x3fc991a0 0x4037a61f:0x3fc99210 0x42008e09:0x3fc99240 0x42008dc9:0x3fc99280 0x42019d0b:0x3fc992a0 0x4037ae8d:0x3fc992d0




ELF file SHA256: 6675ff9d5

Rebooting...
ï¿½ï¿½ï¿½ESP-ROM:esp32s3-20210327
Build:Mar 27 2021
rst:0xc (RTC_SW_CPU_RST),boot:0x8 (SPI_FAST_FLASH_BOOT)
Saved PC:0x4037595c
SPIWP:0xee
mode:DIO, clock div:1
load:0x3fce2810,len:0x178c
load:0x403c8700,len:0x4
load:0x403c8704,len:0xcb8
load:0x403cb700,len:0x2db0
entry 0x403c8914
[0;32mI (31) boot: ESP-IDF v5.3-dirty 2nd stage bootloader[0m
[0;32mI (31) boot: compile time Aug  7 2024 16:55:45[0m
[0;32mI (31) boot: Multicore bootloader[0m
[0;32mI (35) boot: chip revision: v0.1[0m
[0;32mI (38) boot.esp32s3: Boot SPI Speed : 80MHz[0m
[0;32mI (43) boot.esp32s3: SPI Mode       : DIO[0m
[0;32mI (48) boot.esp32s3: SPI Flash Size : 2MB[0m
[0;32mI (53) boot: Enabling RNG early entropy source...[0m
[0;32mI (58) boot: Partition Table:[0m
[0;32mI (62) boot: ## Label            Usage          Type ST Offset   Length[0m
[0;32mI (69) boot:  0 nvs              WiFi data        01 02 00009000 00006000[0m
[0;32mI (76) boot:  1 phy_init         RF data          01 01 0000f000 00001000[0m
[0;32mI (84) boot:  2 factory          factory app      00 00 00010000 00100000[0m
[0;32mI (91) boot: End of partition table[0m
[0;32mI (96) esp_image: segment 0: paddr=00010020 vaddr=3c020020 size=0b520h ( 46368) map[0m
[0;32mI (112) esp_image: segment 1: paddr=0001b548 vaddr=3fc93100 size=02de8h ( 11752) load[0m
[0;32mI (115) esp_image: segment 2: paddr=0001e338 vaddr=40374000 size=01ce0h (  7392) load[0m
[0;32mI (123) esp_image: segment 3: paddr=00020020 vaddr=42000020 size=1aa7ch (109180) map[0m
[0;32mI (149) esp_image: segment 4: paddr=0003aaa4 vaddr=40375ce0 size=0d334h ( 54068) load[0m
[0;32mI (167) boot: Loaded app from partition at offset 0x10000[0m
[0;32mI (167) boot: Disabling RNG early entropy source...[0m
[0;32mI (179) cpu_start: Multicore app[0m
[0;32mI (189) cpu_start: Pro cpu start user code[0m
[0;32mI (189) cpu_start: cpu freq: 160000000 Hz[0m
[0;32mI (189) app_init: Application information:[0m
[0;32mI (192) app_init: Project name:     DHT11[0m
[0;32mI (197) app_init: App version:      8dafe54-dirty[0m
[0;32mI (202) app_init: Compile time:     Aug  7 2024 16:55:19[0m
[0;32mI (208) app_init: ELF file SHA256:  6675ff9d5...[0m
[0;32mI (213) app_init: ESP-IDF:          v5.3-dirty[0m
[0;32mI (218) efuse_init: Min chip rev:     v0.0[0m
[0;32mI (223) efuse_init: Max chip rev:     v0.99 [0m
[0;32mI (228) efuse_init: Chip rev:         v0.1[0m
[0;32mI (233) heap_init: Initializing. RAM available for dynamic allocation:[0m
[0;32mI (240) heap_init: At 3FC967B0 len 00052F60 (331 KiB): RAM[0m
[0;32mI (246) heap_init: At 3FCE9710 len 00005724 (21 KiB): RAM[0m
[0;32mI (252) heap_init: At 3FCF0000 len 00008000 (32 KiB): DRAM[0m
[0;32mI (258) heap_init: At 600FE100 len 00001EE8 (7 KiB): RTCRAM[0m
[0;32mI (266) spi_flash: detected chip: gd[0m
[0;32mI (269) spi_flash: flash io: dio[0m
[0;33mW (273) spi_flash: Detected size(16384k) larger than the size in the binary image header(2048k). Using the size in the binary image header.[0m
[0;32mI (286) sleep: Configure to isolate all GPIO pins in sleep state[0m
[0;32mI (293) sleep: Enable automatic switching of GPIO sleep configuration[0m
[0;32mI (300) main_task: Started on CPU0[0m
[0;32mI (320) main_task: Calling app_main()[0m
[0;31mE (320) rmt: rmt_new_rx_channel(184): invalid GPIO number 23[0m
ESP_ERROR_CHECK failed: esp_err_t 0x102 (ESP_ERR_INVALID_ARG) at 0x42008e09
file: "./main/dh_11.c" line 17
func: DHT11_Init
expression: rmt_new_rx_channel(&rx_chan_config,&rx_chan)

abort() was called at PC 0x4037a61f on core 0


Backtrace: 0x40375a22:0x3fc99160 0x4037a629:0x3fc99180 0x40380f1d:0x3fc991a0 0x4037a61f:0x3fc99210 0x42008e09:0x3fc99240 0x42008dc9:0x3fc99280 0x42019d0b:0x3fc992a0 0x4037ae8d:0x3fc992d0




ELF file SHA256: 6675ff9d5

Rebooting...
ï¿½ï¿½ï¿½ESP-ROM:esp32s3-20210327
Build:Mar 27 2021
rst:0xc (RTC_SW_CPU_RST),boot:0x8 (SPI_FAST_FLASH_BOOT)
Saved PC:0x4037595c
SPIWP:0xee
mode:DIO, clock div:1
load:0x3fce2810,len:0x178c
load:0x403c8700,len:0x4
load:0x403c8704,len:0xcb8
load:0x403cb700,len:0x2db0
entry 0x403c8914
[0;32mI (31) boot: ESP-IDF v5.3-dirty 2nd stage bootloader[0m
[0;32mI (31) boot: compile time Aug  7 2024 16:55:45[0m
[0;32mI (31) boot: Multicore bootloader[0m
[0;32mI (35) boot: chip revision: v0.1[0m
[0;32mI (38) boot.esp32s3: Boot SPI Speed : 80MHz[0m
[0;32mI (43) boot.esp32s3: SPI Mode       : DIO[0m
[0;32mI (48) boot.esp32s3: SPI Flash Size : 2MB[0m
[0;32mI (53) boot: Enabling RNG early entropy source...[0m
[0;32mI (58) boot: Partition Table:[0m
[0;32mI (62) boot: ## Label            Usage          Type ST Offset   Length[0m
[0;32mI (69) boot:  0 nvs              WiFi data        01 02 00009000 00006000[0m
[0;32mI (76) boot:  1 phy_init         RF data          01 01 0000f000 00001000[0m
[0;32mI (84) boot:  2 factory          factory app      00 00 00010000 00100000[0m
[0;32mI (91) boot: End of partition table[0m
[0;32mI (96) esp_image: segment 0: paddr=00010020 vaddr=3c020020 size=0b520h ( 46368) map[0m
[0;32mI (112) esp_image: segment 1: paddr=0001b548 vaddr=3fc93100 size=02de8h ( 11752) load[0m
[0;32mI (115) esp_image: segment 2: paddr=0001e338 vaddr=40374000 size=01ce0h (  7392) load[0m
[0;32mI (123) esp_image: segment 3: paddr=00020020 vaddr=42000020 size=1aa7ch (109180) map[0m
[0;32mI (149) esp_image: segment 4: paddr=0003aaa4 vaddr=40375ce0 size=0d334h ( 54068) load[0m
[0;32mI (167) boot: Loaded app from partition at offset 0x10000[0m
[0;32mI (167) boot: Disabling RNG early entropy source...[0m
[0;32mI (179) cpu_start: Multicore app[0m
[0;32mI (189) cpu_start: Pro cpu start user code[0m
[0;32mI (189) cpu_start: cpu freq: 160000000 Hz[0m
[0;32mI (189) app_init: Application information:[0m
[0;32mI (192) app_init: Project name:     DHT11[0m
[0;32mI (197) app_init: App version:      8dafe54-dirty[0m
[0;32mI (202) app_init: Compile time:     Aug  7 2024 16:55:19[0m
[0;32mI (208) app_init: ELF file SHA256:  6675ff9d5...[0m
[0;32mI (213) app_init: ESP-IDF:          v5.3-dirty[0m
[0;32mI (218) efuse_init: Min chip rev:     v0.0[0m
[0;32mI (223) efuse_init: Max chip rev:     v0.99 [0m
[0;32mI (228) efuse_init: Chip rev:         v0.1[0m
[0;32mI (233) heap_init: Initializing. RAM available for dynamic allocation:[0m
[0;32mI (240) heap_init: At 3FC967B0 len 00052F60 (331 KiB): RAM[0m
[0;32mI (246) heap_init: At 3FCE9710 len 00005724 (21 KiB): RAM[0m
[0;32mI (252) heap_init: At 3FCF0000 len 00008000 (32 KiB): DRAM[0m
[0;32mI (258) heap_init: At 600FE100 len 00001EE8 (7 KiB): RTCRAM[0m
[0;32mI (266) spi_flash: detected chip: gd[0m
[0;32mI (269) spi_flash: flash io: dio[0m
[0;33mW (273) spi_flash: Detected size(16384k) larger than the size in the binary image header(2048k). Using the size in the binary image header.[0m
[0;32mI (286) sleep: Configure to isolate all GPIO pins in sleep state[0m
[0;32mI (293) sleep: Enable automatic switching of GPIO sleep configuration[0m
[0;32mI (300) main_task: Started on CPU0[0m
[0;32mI (320) main_task: Calling app_main()[0m
[0;31mE (320) rmt: rmt_new_rx_channel(184): invalid GPIO number 23[0m
ESP_ERROR_CHECK failed: esp_err_t 0x102 (ESP_ERR_INVALID_ARG) at 0x42008e09
file: "./main/dh_11.c" line 17
func: DHT11_Init
expression: rmt_new_rx_channel(&rx_chan_config,&rx_chan)

abort() was called at PC 0x4037a61f on core 0


Backtrace: 0x40375a22:0x3fc99160 0x4037a629:0x3fc99180 0x40380f1d:0x3fc991a0 0x4037a61f:0x3fc99210 0x42008e09:0x3fc99240 0x42008dc9:0x3fc99280 0x42019d0b:0x3fc992a0 0x4037ae8d:0x3fc992d0




ELF file SHA256: 6675ff9d5

Rebooting...
ï¿½ï¿½ï¿½ESP-ROM:esp32s3-20210327
Build:Mar 27 2021
rst:0xc (RTC_SW_CPU_RST),boot:0x8 (SPI_FAST_FLASH_BOOT)
Saved PC:0x4037595c
SPIWP:0xee
mode:DIO, clock div:1
load:0x3fce2810,len:0x178c
load:0x403c8700,len:0x4
load:0x403c8704,len:0xcb8
load:0x403cb700,len:0x2db0
entry 0x403c8914
[0;32mI (31) boot: ESP-IDF v5.3-dirty 2nd stage bootloader[0m
[0;32mI (31) boot: compile time Aug  7 2024 16:55:45[0m
[0;32mI (31) boot: Multicore bootloader[0m
[0;32mI (35) boot: chip revision: v0.1[0m
[0;32mI (38) boot.esp32s3: Boot SPI Speed : 80MHz[0m
[0;32mI (43) boot.esp32s3: SPI Mode       : DIO[0m
[0;32mI (48) boot.esp32s3: SPI Flash Size : 2MB[0m
[0;32mI (53) boot: Enabling RNG early entropy source...[0m
[0;32mI (58) boot: Partition Table:[0m
[0;32mI (62) boot: ## Label            Usage          Type ST Offset   Length[0m
[0;32mI (69) boot:  0 nvs              WiFi data        01 02 00009000 00006000[0m
[0;32mI (76) boot:  1 phy_init         RF data          01 01 0000f000 00001000[0m
[0;32mI (84) boot:  2 factory          factory app      00 00 00010000 00100000[0m
[0;32mI (91) boot: End of partition table[0m
[0;32mI (96) esp_image: segment 0: paddr=00010020 vaddr=3c020020 size=0b520h ( 46368) map[0m
[0;32mI (112) esp_image: segment 1: paddr=0001b548 vaddr=3fc93100 size=02de8h ( 11752) load[0m
[0;32mI (115) esp_image: segment 2: paddr=0001e338 vaddr=40374000 size=01ce0h (  7392) load[0m
[0;32mI (123) esp_image: segment 3: paddr=00020020 vaddr=42000020 size=1aa7ch (109180) map[0m
[0;32mI (149) esp_image: segment 4: paddr=0003aaa4 vaddr=40375ce0 size=0d334h ( 54068) load[0m
[0;32mI (167) boot: Loaded app from partition at offset 0x10000[0m
[0;32mI (167) boot: Disabling RNG early entropy source...[0m
[0;32mI (179) cpu_start: Multicore app[0m
[0;32mI (189) cpu_start: Pro cpu start user code[0m
[0;32mI (189) cpu_start: cpu freq: 160000000 Hz[0m
[0;32mI (189) app_init: Application information:[0m
[0;32mI (192) app_init: Project name:     DHT11[0m
[0;32mI (197) app_init: App version:      8dafe54-dirty[0m
[0;32mI (202) app_init: Compile time:     Aug  7 2024 16:55:19[0m
[0;32mI (208) app_init: ELF file SHA256:  6675ff9d5...[0m
[0;32mI (213) app_init: ESP-IDF:          v5.3-dirty[0m
[0;32mI (218) efuse_init: Min chip rev:     v0.0[0m
[0;32mI (223) efuse_init: Max chip rev:     v0.99 [0m
[0;32mI (228) efuse_init: Chip rev:         v0.1[0m
[0;32mI (233) heap_init: Initializing. RAM available for dynamic allocation:[0m
[0;32mI (240) heap_init: At 3FC967B0 len 00052F60 (331 KiB): RAM[0m
[0;32mI (246) heap_init: At 3FCE9710 len 00005724 (21 KiB): RAM[0m
[0;32mI (252) heap_init: At 3FCF0000 len 00008000 (32 KiB): DRAM[0m
[0;32mI (258) heap_init: At 600FE100 len 00001EE8 (7 KiB): RTCRAM[0m
[0;32mI (266) spi_flash: detected chip: gd[0m
[0;32mI (269) spi_flash: flash io: dio[0m
[0;33mW (273) spi_flash: Detected size(16384k) larger than the size in the binary image header(2048k). Using the size in the binary image header.[0m
[0;32mI (286) sleep: Configure to isolate all GPIO pins in sleep state[0m
[0;32mI (293) sleep: Enable automatic switching of GPIO sleep configuration[0m
[0;32mI (300) main_task: Started on CPU0[0m
[0;32mI (320) main_task: Calling app_main()[0m
[0;31mE (320) rmt: rmt_new_rx_channel(184): invalid GPIO number 23[0m
ESP_ERROR_CHECK failed: esp_err_t 0x102 (ESP_ERR_INVALID_ARG) at 0x42008e09
file: "./main/dh_11.c" line 17
func: DHT11_Init
expression: rmt_new_rx_channel(&rx_chan_config,&rx_chan)

abort() was called at PC 0x4037a61f on core 0


Backtrace: 0x40375a22:0x3fc99160 0x4037a629:0x3fc99180 0x40380f1d:0x3fc991a0 0x4037a61f:0x3fc99210 0x42008e09:0x3fc99240 0x42008dc9:0x3fc99280 0x42019d0b:0x3fc992a0 0x4037ae8d:0x3fc992d0




ELF file SHA256: 6675ff9d5

Rebooting...
ï¿½ï¿½ï¿½ESP-ROM:esp32s3-20210327
Build:Mar 27 2021
rst:0xc (RTC_SW_CPU_RST),boot:0x8 (SPI_FAST_FLASH_BOOT)
Saved PC:0x4037595c
SPIWP:0xee
mode:DIO, clock div:1
load:0x3fce2810,len:0x178c
load:0x403c8700,len:0x4
load:0x403c8704,len:0xcb8
load:0x403cb700,len:0x2db0
entry 0x403c8914
[0;32mI (31) boot: ESP-IDF v5.3-dirty 2nd stage bootloader[0m
[0;32mI (31) boot: compile time Aug  7 2024 16:55:45[0m
[0;32mI (31) boot: Multicore bootloader[0m
[0;32mI (35) boot: chip revision: v0.1[0m
[0;32mI (38) boot.esp32s3: Boot SPI Speed : 80MHz[0m
[0;32mI (43) boot.esp32s3: SPI Mode       : DIO[0m
[0;32mI (48) boot.esp32s3: SPI Flash Size : 2MB[0m
[0;32mI (53) boot: Enabling RNG early entropy source...[0m
[0;32mI (58) boot: Partition Table:[0m
[0;32mI (62) boot: ## Label            Usage          Type ST Offset   Length[0m
[0;32mI (69) boot:  0 nvs              WiFi data        01 02 00009000 00006000[0m
[0;32mI (76) boot:  1 phy_init         RF data          01 01 0000f000 00001000[0m
[0;32mI (84) boot:  2 factory          factory app      00 00 00010000 00100000[0m
[0;32mI (91) boot: End of partition table[0m
[0;32mI (96) esp_image: segment 0: paddr=00010020 vaddr=3c020020 size=0b520h ( 46368) map[0m
[0;32mI (112) esp_image: segment 1: paddr=0001b548 vaddr=3fc93100 size=02de8h ( 11752) load[0m
[0;32mI (115) esp_image: segment 2: paddr=0001e338 vaddr=40374000 size=01ce0h (  7392) load[0m
[0;32mI (123) esp_image: segment 3: paddr=00020020 vaddr=42000020 size=1aa7ch (109180) map[0m
[0;32mI (149) esp_image: segment 4: paddr=0003aaa4 vaddr=40375ce0 size=0d334h ( 54068) load[0m
[0;32mI (167) boot: Loaded app from partition at offset 0x10000[0m
[0;32mI (167) boot: Disabling RNG early entropy source...[0m
[0;32mI (179) cpu_start: Multicore app[0m
[0;32mI (189) cpu_start: Pro cpu start user code[0m
[0;32mI (189) cpu_start: cpu freq: 160000000 Hz[0m
[0;32mI (189) app_init: Application information:[0m
[0;32mI (192) app_init: Project name:     DHT11[0m
[0;32mI (197) app_init: App version:      8dafe54-dirty[0m
[0;32mI (202) app_init: Compile time:     Aug  7 2024 16:55:19[0m
[0;32mI (208) app_init: ELF file SHA256:  6675ff9d5...[0m
[0;32mI (213) app_init: ESP-IDF:          v5.3-dirty[0m
[0;32mI (218) efuse_init: Min chip rev:     v0.0[0m
[0;32mI (223) efuse_init: Max chip rev:     v0.99 [0m
[0;32mI (228) efuse_init: Chip rev:         v0.1[0m
[0;32mI (233) heap_init: Initializing. RAM available for dynamic allocation:[0m
[0;32mI (240) heap_init: At 3FC967B0 len 00052F60 (331 KiB): RAM[0m
[0;32mI (246) heap_init: At 3FCE9710 len 00005724 (21 KiB): RAM[0m
[0;32mI (252) heap_init: At 3FCF0000 len 00008000 (32 KiB): DRAM[0m
[0;32mI (258) heap_init: At 600FE100 len 00001EE8 (7 KiB): RTCRAM[0m
[0;32mI (266) spi_flash: detected chip: gd[0m
[0;32mI (269) spi_flash: flash io: dio[0m
[0;33mW (273) spi_flash: Detected size(16384k) larger than the size in the binary image header(2048k). Using the size in the binary image header.[0m
[0;32mI (286) sleep: Configure to isolate all GPIO pins in sleep state[0m
[0;32mI (293) sleep: Enable automatic switching of GPIO sleep configuration[0m
[0;32mI (300) main_task: Started on CPU0[0m
[0;32mI (320) main_task: Calling app_main()[0m
[0;31mE (320) rmt: rmt_new_rx_channel(184): invalid GPIO number 23[0m
ESP_ERROR_CHECK failed: esp_err_t 0x102 (ESP_ERR_INVALID_ARG) at 0x42008e09
file: "./main/dh_11.c" line 17
func: DHT11_Init
expression: rmt_new_rx_channel(&rx_chan_config,&rx_chan)

abort() was called at PC 0x4037a61f on core 0


Backtrace: 0x40375a22:0x3fc99160 0x4037a629:0x3fc99180 0x40380f1d:0x3fc991a0 0x4037a61f:0x3fc99210 0x42008e09:0x3fc99240 0x42008dc9:0x3fc99280 0x42019d0b:0x3fc992a0 0x4037ae8d:0x3fc992d0




ELF file SHA256: 6675ff9d5

Rebooting...
ï¿½ï¿½ï¿½ESP-ROM:esp32s3-20210327
Build:Mar 27 2021
rst:0xc (RTC_SW_CPU_RST),boot:0x8 (SPI_FAST_FLASH_BOOT)
Saved PC:0x4037595c
SPIWP:0xee
mode:DIO, clock div:1
load:0x3fce2810,len:0x178c
load:0x403c8700,len:0x4
load:0x403c8704,len:0xcb8
load:0x403cb700,len:0x2db0
entry 0x403c8914
[0;32mI (31) boot: ESP-IDF v5.3-dirty 2nd stage bootloader[0m
[0;32mI (31) boot: compile time Aug  7 2024 16:55:45[0m
[0;32mI (31) boot: Multicore bootloader[0m
[0;32mI (35) boot: chip revision: v0.1[0m
[0;32mI (38) boot.esp32s3: Boot SPI Speed : 80MHz[0m
[0;32mI (43) boot.esp32s3: SPI Mode       : DIO[0m
[0;32mI (48) boot.esp32s3: SPI Flash Size : 2MB[0m
[0;32mI (53) boot: Enabling RNG early entropy source...[0m
[0;32mI (58) boot: Partition Table:[0m
[0;32mI (62) boot: ## Label            Usage          Type ST Offset   Length[0m
[0;32mI (69) boot:  0 nvs              WiFi data        01 02 00009000 00006000[0m
[0;32mI (76) boot:  1 phy_init         RF data          01 01 0000f000 00001000[0m
[0;32mI (84) boot:  2 factory          factory app      00 00 00010000 00100000[0m
[0;32mI (91) boot: End of partition table[0m
[0;32mI (96) esp_image: segment 0: paddr=00010020 vaddr=3c020020 size=0b520h ( 46368) map[0m
[0;32mI (112) esp_image: segment 1: paddr=0001b548 vaddr=3fc93100 size=02de8h ( 11752) load[0m
[0;32mI (115) esp_image: segment 2: paddr=0001e338 vaddr=40374000 size=01ce0h (  7392) load[0m
[0;32mI (123) esp_image: segment 3: paddr=00020020 vaddr=42000020 size=1aa7ch (109180) map[0m
[0;32mI (149) esp_image: segment 4: paddr=0003aaa4 vaddr=40375ce0 size=0d334h ( 54068) load[0m
[0;32mI (167) boot: Loaded app from partition at offset 0x10000[0m
[0;32mI (167) boot: Disabling RNG early entropy source...[0m
[0;32mI (179) cpu_start: Multicore app[0m
[0;32mI (189) cpu_start: Pro cpu start user code[0m
[0;32mI (189) cpu_start: cpu freq: 160000000 Hz[0m
[0;32mI (189) app_init: Application information:[0m
[0;32mI (192) app_init: Project name:     DHT11[0m
[0;32mI (197) app_init: App version:      8dafe54-dirty[0m
[0;32mI (202) app_init: Compile time:     Aug  7 2024 16:55:19[0m
[0;32mI (208) app_init: ELF file SHA256:  6675ff9d5...[0m
[0;32mI (213) app_init: ESP-IDF:          v5.3-dirty[0m
[0;32mI (218) efuse_init: Min chip rev:     v0.0[0m
[0;32mI (223) efuse_init: Max chip rev:     v0.99 [0m
[0;32mI (228) efuse_init: Chip rev:         v0.1[0m
[0;32mI (233) heap_init: Initializing. RAM available for dynamic allocation:[0m
[0;32mI (240) heap_init: At 3FC967B0 len 00052F60 (331 KiB): RAM[0m
[0;32mI (246) heap_init: At 3FCE9710 len 00005724 (21 KiB): RAM[0m
[0;32mI (252) heap_init: At 3FCF0000 len 00008000 (32 KiB): DRAM[0m
[0;32mI (258) heap_init: At 600FE100 len 00001EE8 (7 KiB): RTCRAM[0m
[0;32mI (266) spi_flash: detected chip: gd[0m
[0;32mI (269) spi_flash: flash io: dio[0m
[0;33mW (273) spi_flash: Detected size(16384k) larger than the size in the binary image header(2048k). Using the size in the binary image header.[0m
[0;32mI (286) sleep: Configure to isolate all GPIO pins in sleep state[0m
[0;32mI (293) sleep: Enable automatic switching of GPIO sleep configuration[0m
[0;32mI (300) main_task: Started on CPU0[0m
[0;32mI (320) main_task: Calling app_main()[0m
[0;31mE (320) rmt: rmt_new_rx_channel(184): invalid GPIO number 23[0m
ESP_ERROR_CHECK failed: esp_err_t 0x102 (ESP_ERR_INVALID_ARG) at 0x42008e09
file: "./main/dh_11.c" line 17
func: DHT11_Init
expression: rmt_new_rx_channel(&rx_chan_config,&rx_chan)

abort() was called at PC 0x4037a61f on core 0


Backtrace: 0x40375a22:0x3fc99160 0x4037a629:0x3fc99180 0x40380f1d:0x3fc991a0 0x4037a61f:0x3fc99210 0x42008e09:0x3fc99240 0x42008dc9:0x3fc99280 0x42019d0b:0x3fc992a0 0x4037ae8d:0x3fc992d0




ELF file SHA256: 6675ff9d5

Rebooting...
ï¿½ï¿½ï¿½ESP-ROM:esp32s3-20210327
Build:Mar 27 2021
rst:0xc (RTC_SW_CPU_RST),boot:0x8 (SPI_FAST_FLASH_BOOT)
Saved PC:0x4037595c
SPIWP:0xee
mode:DIO, clock div:1
load:0x3fce2810,len:0x178c
load:0x403c8700,len:0x4
load:0x403c8704,len:0xcb8
load:0x403cb700,len:0x2db0
entry 0x403c8914
[0;32mI (31) boot: ESP-IDF v5.3-dirty 2nd stage bootloader[0m
[0;32mI (31) boot: compile time Aug  7 2024 16:55:45[0m
[0;32mI (31) boot: Multicore bootloader[0m
[0;32mI (35) boot: chip revision: v0.1[0m
[0;32mI (38) boot.esp32s3: Boot SPI Speed : 80MHz[0m
[0;32mI (43) boot.esp32s3: SPI Mode       : DIO[0m
[0;32mI (48) boot.esp32s3: SPI Flash Size : 2MB[0m
[0;32mI (53) boot: Enabling RNG early entropy source...[0m
[0;32mI (58) boot: Partition Table:[0m
[0;32mI (62) boot: ## Label            Usage          Type ST Offset   Length[0m
[0;32mI (69) boot:  0 nvs              WiFi data        01 02 00009000 00006000[0m
[0;32mI (76) boot:  1 phy_init         RF data          01 01 0000f000 00001000[0m
[0;32mI (84) boot:  2 factory          factory app      00 00 00010000 00100000[0m
[0;32mI (91) boot: End of partition table[0m
[0;32mI (96) esp_image: segment 0: paddr=00010020 vaddr=3c020020 size=0b520h ( 46368) map[0m
[0;32mI (112) esp_image: segment 1: paddr=0001b548 vaddr=3fc93100 size=02de8h ( 11752) load[0m
[0;32mI (115) esp_image: segment 2: paddr=0001e338 vaddr=40374000 size=01ce0h (  7392) load[0m
[0;32mI (123) esp_image: segment 3: paddr=00020020 vaddr=42000020 size=1aa7ch (109180) map[0m
[0;32mI (149) esp_image: segment 4: paddr=0003aaa4 vaddr=40375ce0 size=0d334h ( 54068) load[0m
[0;32mI (167) boot: Loaded app from partition at offset 0x10000[0m
[0;32mI (167) boot: Disabling RNG early entropy source...[0m
[0;32mI (179) cpu_start: Multicore app[0m
[0;32mI (189) cpu_start: Pro cpu start user code[0m
[0;32mI (189) cpu_start: cpu freq: 160000000 Hz[0m
[0;32mI (189) app_init: Application information:[0m
[0;32mI (192) app_init: Project name:     DHT11[0m
[0;32mI (197) app_init: App version:      8dafe54-dirty[0m
[0;32mI (202) app_init: Compile time:     Aug  7 2024 16:55:19[0m
[0;32mI (208) app_init: ELF file SHA256:  6675ff9d5...[0m
[0;32mI (213) app_init: ESP-IDF:          v5.3-dirty[0m
[0;32mI (218) efuse_init: Min chip rev:     v0.0[0m
[0;32mI (223) efuse_init: Max chip rev:     v0.99 [0m
[0;32mI (228) efuse_init: Chip rev:         v0.1[0m
[0;32mI (233) heap_init: Initializing. RAM available for dynamic allocation:[0m
[0;32mI (240) heap_init: At 3FC967B0 len 00052F60 (331 KiB): RAM[0m
[0;32mI (246) heap_init: At 3FCE9710 len 00005724 (21 KiB): RAM[0m
[0;32mI (252) heap_init: At 3FCF0000 len 00008000 (32 KiB): DRAM[0m
[0;32mI (258) heap_init: At 600FE100 len 00001EE8 (7 KiB): RTCRAM[0m
[0;32mI (266) spi_flash: detected chip: gd[0m
[0;32mI (269) spi_flash: flash io: dio[0m
[0;33mW (273) spi_flash: Detected size(16384k) larger than the size in the binary image header(2048k). Using the size in the binary image header.[0m
[0;32mI (286) sleep: Configure to isolate all GPIO pins in sleep state[0m
[0;32mI (293) sleep: Enable automatic switching of GPIO sleep configuration[0m
[0;32mI (300) main_task: Started on CPU0[0m
[0;32mI (320) main_task: Calling app_main()[0m
[0;31mE (320) rmt: rmt_new_rx_channel(184): invalid GPIO number 23[0m
ESP_ERROR_CHECK failed: esp_err_t 0x102 (ESP_ERR_INVALID_ARG) at 0x42008e09
file: "./main/dh_11.c" line 17
func: DHT11_Init
expression: rmt_new_rx_channel(&rx_chan_config,&rx_chan)

abort() was called at PC 0x4037a61f on core 0


Backtrace: 0x40375a22:0x3fc99160 0x4037a629:0x3fc99180 0x40380f1d:0x3fc991a0 0x4037a61f:0x3fc99210 0x42008e09:0x3fc99240 0x42008dc9:0x3fc99280 0x42019d0b:0x3fc992a0 0x4037ae8d:0x3fc992d0




ELF file SHA256: 6675ff9d5

Rebooting...
ï¿½ï¿½ï¿½ESP-ROM:esp32s3-20210327
Build:Mar 27 2021
rst:0xc (RTC_SW_CPU_RST),boot:0x8 (SPI_FAST_FLASH_BOOT)
Saved PC:0x4037595c
SPIWP:0xee
mode:DIO, clock div:1
load:0x3fce2810,len:0x178c
load:0x403c8700,len:0x4
load:0x403c8704,len:0xcb8
load:0x403cb700,len:0x2db0
entry 0x403c8914
[0;32mI (31) boot: ESP-IDF v5.3-dirty 2nd stage bootloader[0m
[0;32mI (31) boot: compile time Aug  7 2024 16:55:45[0m
[0;32mI (31) boot: Multicore bootloader[0m
[0;32mI (35) boot: chip revision: v0.1[0m
[0;32mI (38) boot.esp32s3: Boot SPI Speed : 80MHz[0m
[0;32mI (43) boot.esp32s3: SPI Mode       : DIO[0m
[0;32mI (48) boot.esp32s3: SPI Flash Size : 2MB[0m
[0;32mI (53) boot: Enabling RNG early entropy source...[0m
[0;32mI (58) boot: Partition Table:[0m
[0;32mI (62) boot: ## Label            Usage          Type ST Offset   Length[0m
[0;32mI (69) boot:  0 nvs              WiFi data        01 02 00009000 00006000[0m
[0;32mI (76) boot:  1 phy_init         RF data          01 01 0000f000 00001000[0m
[0;32mI (84) boot:  2 factory          factory app      00 00 00010000 00100000[0m
[0;32mI (91) boot: End of partition table[0m
[0;32mI (96) esp_image: segment 0: paddr=00010020 vaddr=3c020020 size=0b520h ( 46368) map[0m
[0;32mI (112) esp_image: segment 1: paddr=0001b548 vaddr=3fc93100 size=02de8h ( 11752) load[0m
[0;32mI (115) esp_image: segment 2: paddr=0001e338 vaddr=40374000 size=01ce0h (  7392) load[0m
[0;32mI (123) esp_image: segment 3: paddr=00020020 vaddr=42000020 size=1aa7ch (109180) map[0m
[0;32mI (149) esp_image: segment 4: paddr=0003aaa4 vaddr=40375ce0 size=0d334h ( 54068) load[0m
[0;32mI (167) boot: Loaded app from partition at offset 0x10000[0m
[0;32mI (167) boot: Disabling RNG early entropy source...[0m
[0;32mI (179) cpu_start: Multicore app[0m
[0;32mI (189) cpu_start: Pro cpu start user code[0m
[0;32mI (189) cpu_start: cpu freq: 160000000 Hz[0m
[0;32mI (189) app_init: Application information:[0m
[0;32mI (192) app_init: Project name:     DHT11[0m
[0;32mI (197) app_init: App version:      8dafe54-dirty[0m
[0;32mI (202) app_init: Compile time:     Aug  7 2024 16:55:19[0m
[0;32mI (208) app_init: ELF file SHA256:  6675ff9d5...[0m
[0;32mI (213) app_init: ESP-IDF:          v5.3-dirty[0m
[0;32mI (218) efuse_init: Min chip rev:     v0.0[0m
[0;32mI (223) efuse_init: Max chip rev:     v0.99 [0m
[0;32mI (228) efuse_init: Chip rev:         v0.1[0m
[0;32mI (233) heap_init: Initializing. RAM available for dynamic allocation:[0m
[0;32mI (240) heap_init: At 3FC967B0 len 00052F60 (331 KiB): RAM[0m
[0;32mI (246) heap_init: At 3FCE9710 len 00005724 (21 KiB): RAM[0m
[0;32mI (252) heap_init: At 3FCF0000 len 00008000 (32 KiB): DRAM[0m
[0;32mI (258) heap_init: At 600FE100 len 00001EE8 (7 KiB): RTCRAM[0m
[0;32mI (266) spi_flash: detected chip: gd[0m
[0;32mI (269) spi_flash: flash io: dio[0m
[0;33mW (273) spi_flash: Detected size(16384k) larger than the size in the binary image header(2048k). Using the size in the binary image header.[0m
[0;32mI (286) sleep: Configure to isolate all GPIO pins in sleep state[0m
[0;32mI (293) sleep: Enable automatic switching of GPIO sleep configuration[0m
[0;32mI (300) main_task: Started on CPU0[0m
[0;32mI (320) main_task: Calling app_main()[0m
[0;31mE (320) rmt: rmt_new_rx_channel(184): invalid GPIO number 23[0m
ESP_ERROR_CHECK failed: esp_err_t 0x102 (ESP_ERR_INVALID_ARG) at 0x42008e09
file: "./main/dh_11.c" line 17
func: DHT11_Init
expression: rmt_new_rx_channel(&rx_chan_config,&rx_chan)

abort() was called at PC 0x4037a61f on core 0


Backtrace: 0x40375a22:0x3fc99160 0x4037a629:0x3fc99180 0x40380f1d:0x3fc991a0 0x4037a61f:0x3fc99210 0x42008e09:0x3fc99240 0x42008dc9:0x3fc99280 0x42019d0b:0x3fc992a0 0x4037ae8d:0x3fc992d0




ELF file SHA256: 6675ff9d5

Rebooting...
ï¿½ï¿½ï¿½ESP-ROM:esp32s3-20210327
Build:Mar 27 2021
rst:0xc (RTC_SW_CPU_RST),boot:0x8 (SPI_FAST_FLASH_BOOT)
Saved PC:0x4037595c
SPIWP:0xee
mode:DIO, clock div:1
load:0x3fce2810,len:0x178c
load:0x403c8700,len:0x4
load:0x403c8704,len:0xcb8
load:0x403cb700,len:0x2db0
entry 0x403c8914
[0;32mI (31) boot: ESP-IDF v5.3-dirty 2nd stage bootloader[0m
[0;32mI (31) boot: compile time Aug  7 2024 16:55:45[0m
[0;32mI (31) boot: Multicore bootloader[0m
[0;32mI (35) boot: chip revision: v0.1[0m
[0;32mI (38) boot.esp32s3: Boot SPI Speed : 80MHz[0m
[0;32mI (43) boot.esp32s3: SPI Mode       : DIO[0m
[0;32mI (48) boot.esp32s3: SPI Flash Size : 2MB[0m
[0;32mI (53) boot: Enabling RNG early entropy source...[0m
[0;32mI (58) boot: Partition Table:[0m
[0;32mI (62) boot: ## Label            Usage          Type ST Offset   Length[0m
[0;32mI (69) boot:  0 nvs              WiFi data        01 02 00009000 00006000[0m
[0;32mI (76) boot:  1 phy_init         RF data          01 01 0000f000 00001000[0m
[0;32mI (84) boot:  2 factory          factory app      00 00 00010000 00100000[0m
[0;32mI (91)